Archive member included to satisfy reference by file (symbol)

e:/programs/armtools/bin/../lib/gcc/arm-none-eabi/5.4.1/../../../../arm-none-eabi/lib\libc_nano.a(lib_a-exit.o)
                              e:/programs/armtools/bin/../lib/gcc/arm-none-eabi/5.4.1/../../../../arm-none-eabi/lib/crt0.o (exit)
e:/programs/armtools/bin/../lib/gcc/arm-none-eabi/5.4.1/../../../../arm-none-eabi/lib\libc_nano.a(lib_a-impure.o)
                              e:/programs/armtools/bin/../lib/gcc/arm-none-eabi/5.4.1/../../../../arm-none-eabi/lib\libc_nano.a(lib_a-exit.o) (_global_impure_ptr)
e:/programs/armtools/bin/../lib/gcc/arm-none-eabi/5.4.1/../../../../arm-none-eabi/lib\libc_nano.a(lib_a-init.o)
                              e:/programs/armtools/bin/../lib/gcc/arm-none-eabi/5.4.1/../../../../arm-none-eabi/lib/crt0.o (__libc_init_array)
e:/programs/armtools/bin/../lib/gcc/arm-none-eabi/5.4.1/../../../../arm-none-eabi/lib\libc_nano.a(lib_a-memset.o)
                              e:/programs/armtools/bin/../lib/gcc/arm-none-eabi/5.4.1/../../../../arm-none-eabi/lib/crt0.o (memset)
e:/programs/armtools/bin/../lib/gcc/arm-none-eabi/5.4.1/../../../../arm-none-eabi/lib\libnosys.a(_exit.o)
                              e:/programs/armtools/bin/../lib/gcc/arm-none-eabi/5.4.1/../../../../arm-none-eabi/lib\libc_nano.a(lib_a-exit.o) (_exit)
e:/programs/armtools/bin/../lib/gcc/arm-none-eabi/5.4.1\libgcc.a(_aeabi_uldivmod.o)
                              build/stm32g4xx_hal_uart.o (__aeabi_uldivmod)
e:/programs/armtools/bin/../lib/gcc/arm-none-eabi/5.4.1\libgcc.a(_udivmoddi4.o)
                              e:/programs/armtools/bin/../lib/gcc/arm-none-eabi/5.4.1\libgcc.a(_aeabi_uldivmod.o) (__udivmoddi4)
e:/programs/armtools/bin/../lib/gcc/arm-none-eabi/5.4.1\libgcc.a(_dvmd_tls.o)
                              e:/programs/armtools/bin/../lib/gcc/arm-none-eabi/5.4.1\libgcc.a(_aeabi_uldivmod.o) (__aeabi_ldiv0)
e:/programs/armtools/bin/../lib/gcc/arm-none-eabi/5.4.1\libgcc.a(_clzdi2.o)
                              e:/programs/armtools/bin/../lib/gcc/arm-none-eabi/5.4.1\libgcc.a(_udivmoddi4.o) (__clzdi2)
e:/programs/armtools/bin/../lib/gcc/arm-none-eabi/5.4.1\libgcc.a(_clzsi2.o)
                              e:/programs/armtools/bin/../lib/gcc/arm-none-eabi/5.4.1\libgcc.a(_clzdi2.o) (__clzsi2)

Allocating common symbols
Common symbol       size              file

hUsbDeviceFS        0x2c4             build/usb_device.o
uwTick              0x4               build/stm32g4xx_hal.o
UserRxBufferFS      0x3e8             build/usbd_cdc_if.o
UserTxBufferFS      0x3e8             build/usbd_cdc_if.o
htim1               0x40              build/main.o
hspi1               0x64              build/main.o
htim2               0x40              build/main.o
huart2              0x8c              build/main.o
hdma_spi1_rx        0x60              build/main.o
hpcd_USB_FS         0x274             build/usbd_conf.o
USBD_StrDesc        0x200             build/usbd_desc.o
hdma_spi1_tx        0x60              build/main.o

Discarded input sections

 .text          0x00000000        0x0 e:/programs/armtools/bin/../lib/gcc/arm-none-eabi/5.4.1/crti.o
 .data          0x00000000        0x0 e:/programs/armtools/bin/../lib/gcc/arm-none-eabi/5.4.1/crti.o
 .bss           0x00000000        0x0 e:/programs/armtools/bin/../lib/gcc/arm-none-eabi/5.4.1/crti.o
 .data          0x00000000        0x4 e:/programs/armtools/bin/../lib/gcc/arm-none-eabi/5.4.1/crtbegin.o
 .text          0x00000000      0x114 e:/programs/armtools/bin/../lib/gcc/arm-none-eabi/5.4.1/../../../../arm-none-eabi/lib/crt0.o
 .data          0x00000000        0x0 e:/programs/armtools/bin/../lib/gcc/arm-none-eabi/5.4.1/../../../../arm-none-eabi/lib/crt0.o
 .bss           0x00000000        0x0 e:/programs/armtools/bin/../lib/gcc/arm-none-eabi/5.4.1/../../../../arm-none-eabi/lib/crt0.o
 .ARM.extab     0x00000000        0x0 e:/programs/armtools/bin/../lib/gcc/arm-none-eabi/5.4.1/../../../../arm-none-eabi/lib/crt0.o
 .ARM.exidx     0x00000000        0x8 e:/programs/armtools/bin/../lib/gcc/arm-none-eabi/5.4.1/../../../../arm-none-eabi/lib/crt0.o
 .ARM.attributes
                0x00000000       0x14 e:/programs/armtools/bin/../lib/gcc/arm-none-eabi/5.4.1/../../../../arm-none-eabi/lib/crt0.o
 .text          0x00000000        0x0 build/stm32g4xx_hal_gpio.o
 .data          0x00000000        0x0 build/stm32g4xx_hal_gpio.o
 .bss           0x00000000        0x0 build/stm32g4xx_hal_gpio.o
 .text.HAL_GPIO_DeInit
                0x00000000      0x108 build/stm32g4xx_hal_gpio.o
 .text.HAL_GPIO_ReadPin
                0x00000000       0x10 build/stm32g4xx_hal_gpio.o
 .text.HAL_GPIO_TogglePin
                0x00000000       0x10 build/stm32g4xx_hal_gpio.o
 .text.HAL_GPIO_LockPin
                0x00000000       0x30 build/stm32g4xx_hal_gpio.o
 .text          0x00000000        0x0 build/stm32g4xx_hal_pcd.o
 .data          0x00000000        0x0 build/stm32g4xx_hal_pcd.o
[...]
Memory Configuration

Name             Origin             Length             Attributes
RAM              0x20000000         0x00008000         xrw
FLASH            0x08000000         0x00020000         xr
*default*        0x00000000         0xffffffff

Linker script and memory map

LOAD e:/programs/armtools/bin/../lib/gcc/arm-none-eabi/5.4.1/crti.o
LOAD e:/programs/armtools/bin/../lib/gcc/arm-none-eabi/5.4.1/crtbegin.o
LOAD e:/programs/armtools/bin/../lib/gcc/arm-none-eabi/5.4.1/../../../../arm-none-eabi/lib/crt0.o
LOAD build/stm32g4xx_hal_gpio.o
LOAD build/stm32g4xx_hal_pcd.o
LOAD build/stm32g4xx_hal_pcd_ex.o
LOAD build/stm32g4xx_ll_usb.o
LOAD build/stm32g4xx_hal.o
LOAD build/stm32g4xx_hal_rcc.o
LOAD build/stm32g4xx_hal_rcc_ex.o
LOAD build/stm32g4xx_hal_flash.o
LOAD build/stm32g4xx_hal_flash_ex.o
LOAD build/stm32g4xx_hal_flash_ramfunc.o
LOAD build/stm32g4xx_hal_exti.o
LOAD build/stm32g4xx_hal_dma.o
LOAD build/stm32g4xx_hal_dma_ex.o
LOAD build/stm32g4xx_hal_pwr.o
LOAD build/stm32g4xx_hal_pwr_ex.o
LOAD build/stm32g4xx_hal_cortex.o
LOAD build/stm32g4xx_hal_spi.o
LOAD build/stm32g4xx_hal_spi_ex.o
LOAD build/stm32g4xx_hal_tim.o
LOAD build/stm32g4xx_hal_tim_ex.o
LOAD build/stm32g4xx_ll_pwr.o
LOAD build/stm32g4xx_hal_uart.o
LOAD build/stm32g4xx_hal_uart_ex.o
LOAD build/usbd_core.o
LOAD build/usbd_ctlreq.o
LOAD build/usbd_ioreq.o
LOAD build/usbd_cdc.o
LOAD build/system_stm32g4xx.o
LOAD build/usb_device.o
LOAD build/main.o
LOAD build/stm32g4xx_it.o
LOAD build/stm32g4xx_hal_msp.o
LOAD build/usbd_conf.o
LOAD build/usbd_desc.o
LOAD build/usbd_cdc_if.o
LOAD build/startup_stm32g431xx.o
LOAD e:/programs/armtools/bin/../lib/gcc/arm-none-eabi/5.4.1/../../../../arm-none-eabi/lib\libc_nano.a
LOAD e:/programs/armtools/bin/../lib/gcc/arm-none-eabi/5.4.1/../../../../arm-none-eabi/lib\libm.a
LOAD e:/programs/armtools/bin/../lib/gcc/arm-none-eabi/5.4.1/../../../../arm-none-eabi/lib\libnosys.a
START GROUP
LOAD e:/programs/armtools/bin/../lib/gcc/arm-none-eabi/5.4.1\libgcc.a
LOAD e:/programs/armtools/bin/../lib/gcc/arm-none-eabi/5.4.1/../../../../arm-none-eabi/lib\libc_nano.a
END GROUP
START GROUP
LOAD e:/programs/armtools/bin/../lib/gcc/arm-none-eabi/5.4.1\libgcc.a
LOAD e:/programs/armtools/bin/../lib/gcc/arm-none-eabi/5.4.1/../../../../arm-none-eabi/lib\libc_nano.a
END GROUP
LOAD e:/programs/armtools/bin/../lib/gcc/arm-none-eabi/5.4.1/crtend.o
LOAD e:/programs/armtools/bin/../lib/gcc/arm-none-eabi/5.4.1/crtn.o
                0x20008000                _estack = 0x20008000
                0x00000200                _Min_Heap_Size = 0x200
                0x00000400                _Min_Stack_Size = 0x400

.isr_vector     0x08000000      0x1d8
                0x08000000                . = ALIGN (0x4)
 *(.isr_vector)
 .isr_vector    0x08000000      0x1d8 build/startup_stm32g431xx.o
                0x08000000                g_pfnVectors
                0x080001d8                . = ALIGN (0x4)

.text           0x080001d8     0x5b40
                0x080001d8                . = ALIGN (0x4)
 *(.text)
 .text          0x080001d8       0x98 e:/programs/armtools/bin/../lib/gcc/arm-none-eabi/5.4.1/crtbegin.o
 .text          0x08000270       0x3c e:/programs/armtools/bin/../lib/gcc/arm-none-eabi/5.4.1\libgcc.a(_aeabi_uldivmod.o)
                0x08000270                __aeabi_uldivmod
 .text          0x080002ac      0x12c e:/programs/armtools/bin/../lib/gcc/arm-none-eabi/5.4.1\libgcc.a(_udivmoddi4.o)
                0x080002ac                __udivmoddi4
 .text          0x080003d8        0x4 e:/programs/armtools/bin/../lib/gcc/arm-none-eabi/5.4.1\libgcc.a(_dvmd_tls.o)
                0x080003d8                __aeabi_idiv0
                0x080003d8                __aeabi_ldiv0
 .text          0x080003dc       0x28 e:/programs/armtools/bin/../lib/gcc/arm-none-eabi/5.4.1\libgcc.a(_clzdi2.o)
                0x080003dc                __clzdi2
 .text          0x08000404       0x48 e:/programs/armtools/bin/../lib/gcc/arm-none-eabi/5.4.1\libgcc.a(_clzsi2.o)
                0x08000404                __clzsi2
 *(.text*)
 .text.HAL_GPIO_Init
                0x0800044c      0x1a0 build/stm32g4xx_hal_gpio.o
                0x0800044c                HAL_GPIO_Init
 .text.HAL_GPIO_WritePin
                0x080005ec        0xc build/stm32g4xx_hal_gpio.o
                0x080005ec                HAL_GPIO_WritePin
 .text.HAL_GPIO_EXTI_Callback
                0x080005f8        0x4 build/stm32g4xx_hal_gpio.o
                0x080005f8                HAL_GPIO_EXTI_Callback
 .text.HAL_GPIO_EXTI_IRQHandler
                0x080005fc       0x18 build/stm32g4xx_hal_gpio.o
                0x080005fc                HAL_GPIO_EXTI_IRQHandler
 .text.HAL_PCD_Init
                0x08000614       0xc8 build/stm32g4xx_hal_pcd.o
                0x08000614                HAL_PCD_Init
 .text.HAL_PCD_Start
                0x080006dc       0x2c build/stm32g4xx_hal_pcd.o
                0x080006dc                HAL_PCD_Start
 .text.HAL_PCD_SetAddress
                0x08000708       0x28 build/stm32g4xx_hal_pcd.o
                0x08000708                HAL_PCD_SetAddress
 .text.HAL_PCD_EP_Open
                0x08000730       0x70 build/stm32g4xx_hal_pcd.o
                0x08000730                HAL_PCD_EP_Open
 .text.HAL_PCD_EP_Close
                0x080007a0       0x5c build/stm32g4xx_hal_pcd.o
                0x080007a0                HAL_PCD_EP_Close
 .text.HAL_PCD_EP_Receive
                0x080007fc       0x40 build/stm32g4xx_hal_pcd.o
                0x080007fc                HAL_PCD_EP_Receive
 .text.HAL_PCD_EP_GetRxCount
                0x0800083c       0x10 build/stm32g4xx_hal_pcd.o
                0x0800083c                HAL_PCD_EP_GetRxCount
 .text.HAL_PCD_EP_Transmit
                0x0800084c       0x3c build/stm32g4xx_hal_pcd.o
                0x0800084c                HAL_PCD_EP_Transmit
 .text.PCD_EP_ISR_Handler
                0x08000888      0x36c build/stm32g4xx_hal_pcd.o
 .text.HAL_PCD_IRQHandler
                0x08000bf4      0x1d8 build/stm32g4xx_hal_pcd.o
                0x08000bf4                HAL_PCD_IRQHandler
 .text.HAL_PCD_EP_SetStall
                0x08000dcc       0x6c build/stm32g4xx_hal_pcd.o
                0x08000dcc                HAL_PCD_EP_SetStall
 .text.HAL_PCD_EP_ClrStall
                0x08000e38       0x70 build/stm32g4xx_hal_pcd.o
                0x08000e38                HAL_PCD_EP_ClrStall
 .text.HAL_PCDEx_PMAConfig
                0x08000ea8       0x38 build/stm32g4xx_hal_pcd_ex.o
                0x08000ea8                HAL_PCDEx_PMAConfig
 .text.HAL_PCDEx_ActivateLPM
                0x08000ee0       0x2c build/stm32g4xx_hal_pcd_ex.o
                0x08000ee0                HAL_PCDEx_ActivateLPM
 .text.USB_EnableGlobalInt
                0x08000f0c       0x18 build/stm32g4xx_ll_usb.o
                0x08000f0c                USB_EnableGlobalInt
 .text.USB_DisableGlobalInt
                0x08000f24       0x14 build/stm32g4xx_ll_usb.o
                0x08000f24                USB_DisableGlobalInt
 .text.USB_DevInit
                0x08000f38       0x2c build/stm32g4xx_ll_usb.o
                0x08000f38                USB_DevInit
 .text.USB_ActivateEndpoint
                0x08000f64      0x38c build/stm32g4xx_ll_usb.o
                0x08000f64                USB_ActivateEndpoint
 .text.USB_DeactivateEndpoint
                0x080012f0      0x1e0 build/stm32g4xx_ll_usb.o
                0x080012f0                USB_DeactivateEndpoint
 .text.USB_EPSetStall
                0x080014d0       0x4c build/stm32g4xx_ll_usb.o
                0x080014d0                USB_EPSetStall
 .text.USB_EPClearStall
                0x0800151c       0xa8 build/stm32g4xx_ll_usb.o
                0x0800151c                USB_EPClearStall
 .text.USB_SetDevAddress
                0x080015c4        0xc build/stm32g4xx_ll_usb.o
                0x080015c4                USB_SetDevAddress
 .text.USB_DevConnect
                0x080015d0       0x18 build/stm32g4xx_ll_usb.o
                0x080015d0                USB_DevConnect
 .text.USB_ReadInterrupts
                0x080015e8        0x8 build/stm32g4xx_ll_usb.o
                0x080015e8                USB_ReadInterrupts
 .text.USB_EP0_OutStart
                0x080015f0        0x4 build/stm32g4xx_ll_usb.o
                0x080015f0                USB_EP0_OutStart
 .text.USB_WritePMA
                0x080015f4       0x28 build/stm32g4xx_ll_usb.o
                0x080015f4                USB_WritePMA
 .text.USB_EPStartXfer
                0x0800161c      0x368 build/stm32g4xx_ll_usb.o
                0x0800161c                USB_EPStartXfer
 .text.USB_ReadPMA
                0x08001984       0x30 build/stm32g4xx_ll_usb.o
                0x08001984                USB_ReadPMA
 .text.HAL_InitTick
                0x080019b4       0x50 build/stm32g4xx_hal.o
                0x080019b4                HAL_InitTick
 .text.HAL_Init
                0x08001a04       0x1c build/stm32g4xx_hal.o
                0x08001a04                HAL_Init
 .text.HAL_IncTick
                0x08001a20       0x18 build/stm32g4xx_hal.o
                0x08001a20                HAL_IncTick
 .text.HAL_GetTick
                0x08001a38        0xc build/stm32g4xx_hal.o
                0x08001a38                HAL_GetTick
 .text.RCC_GetSysClockFreqFromPLLSource
                0x08001a44       0x58 build/stm32g4xx_hal_rcc.o
 .text.HAL_RCC_OscConfig
                0x08001a9c      0x524 build/stm32g4xx_hal_rcc.o
                0x08001a9c                HAL_RCC_OscConfig
 .text.HAL_RCC_GetSysClockFreq
                0x08001fc0       0x88 build/stm32g4xx_hal_rcc.o
                0x08001fc0                HAL_RCC_GetSysClockFreq
 .text.HAL_RCC_ClockConfig
                0x08002048      0x204 build/stm32g4xx_hal_rcc.o
                0x08002048                HAL_RCC_ClockConfig
 .text.HAL_RCC_GetHCLKFreq
                0x0800224c        0xc build/stm32g4xx_hal_rcc.o
                0x0800224c                HAL_RCC_GetHCLKFreq
 .text.HAL_RCC_GetPCLK1Freq
                0x08002258       0x24 build/stm32g4xx_hal_rcc.o
                0x08002258                HAL_RCC_GetPCLK1Freq
 .text.HAL_RCC_GetPCLK2Freq
                0x0800227c       0x24 build/stm32g4xx_hal_rcc.o
                0x0800227c                HAL_RCC_GetPCLK2Freq
 .text.HAL_RCCEx_PeriphCLKConfig
                0x080022a0      0x2e0 build/stm32g4xx_hal_rcc_ex.o
                0x080022a0                HAL_RCCEx_PeriphCLKConfig
 .text.DMA_CalcDMAMUXChannelBaseAndMask
                0x08002580       0x48 build/stm32g4xx_hal_dma.o
 .text.DMA_CalcDMAMUXRequestGenBaseAndMask
                0x080025c8       0x28 build/stm32g4xx_hal_dma.o
 .text.HAL_DMA_Init
                0x080025f0       0xd8 build/stm32g4xx_hal_dma.o
                0x080025f0                HAL_DMA_Init
 .text.HAL_DMA_IRQHandler
                0x080026c8       0xc4 build/stm32g4xx_hal_dma.o
                0x080026c8                HAL_DMA_IRQHandler
 .text.HAL_PWREx_ControlVoltageScaling
                0x0800278c      0x10c build/stm32g4xx_hal_pwr_ex.o
                0x0800278c                HAL_PWREx_ControlVoltageScaling
 .text.HAL_NVIC_SetPriorityGrouping
                0x08002898       0x24 build/stm32g4xx_hal_cortex.o
                0x08002898                HAL_NVIC_SetPriorityGrouping
 .text.HAL_NVIC_SetPriority
                0x080028bc       0x64 build/stm32g4xx_hal_cortex.o
                0x080028bc                HAL_NVIC_SetPriority
 .text.HAL_NVIC_EnableIRQ
                0x08002920       0x1c build/stm32g4xx_hal_cortex.o
                0x08002920                HAL_NVIC_EnableIRQ
 .text.HAL_SYSTICK_Config
                0x0800293c       0x2c build/stm32g4xx_hal_cortex.o
                0x0800293c                HAL_SYSTICK_Config
 .text.HAL_SPI_Init
                0x08002968       0xbc build/stm32g4xx_hal_spi.o
                0x08002968                HAL_SPI_Init
 .text.TIM_OC1_SetConfig
                0x08002a24       0x9c build/stm32g4xx_hal_tim.o
 .text.TIM_OC3_SetConfig
                0x08002ac0       0x8c build/stm32g4xx_hal_tim.o
 .text.TIM_OC4_SetConfig
                0x08002b4c       0x8c build/stm32g4xx_hal_tim.o
 .text.TIM_OC5_SetConfig
                0x08002bd8       0x68 build/stm32g4xx_hal_tim.o
 .text.TIM_OC6_SetConfig
                0x08002c40       0x6c build/stm32g4xx_hal_tim.o
 .text.TIM_TI1_ConfigInputStage
                0x08002cac       0x24 build/stm32g4xx_hal_tim.o
 .text.TIM_TI2_ConfigInputStage
                0x08002cd0       0x28 build/stm32g4xx_hal_tim.o
 .text.TIM_ITRx_SetConfig
                0x08002cf8       0x14 build/stm32g4xx_hal_tim.o
 .text.HAL_TIM_OC_MspInit
                0x08002d0c        0x4 build/stm32g4xx_hal_tim.o
                0x08002d0c                HAL_TIM_OC_MspInit
 .text.HAL_TIM_PeriodElapsedCallback
                0x08002d10        0x4 build/stm32g4xx_hal_tim.o
                0x08002d10                HAL_TIM_PeriodElapsedCallback
 .text.HAL_TIM_OC_DelayElapsedCallback
                0x08002d14        0x4 build/stm32g4xx_hal_tim.o
                0x08002d14                HAL_TIM_OC_DelayElapsedCallback
 .text.HAL_TIM_IC_CaptureCallback
                0x08002d18        0x4 build/stm32g4xx_hal_tim.o
                0x08002d18                HAL_TIM_IC_CaptureCallback
 .text.HAL_TIM_PWM_PulseFinishedCallback
                0x08002d1c        0x4 build/stm32g4xx_hal_tim.o
                0x08002d1c                HAL_TIM_PWM_PulseFinishedCallback
 .text.HAL_TIM_TriggerCallback
                0x08002d20        0x4 build/stm32g4xx_hal_tim.o
                0x08002d20                HAL_TIM_TriggerCallback
 .text.HAL_TIM_IRQHandler
                0x08002d24      0x208 build/stm32g4xx_hal_tim.o
                0x08002d24                HAL_TIM_IRQHandler
 .text.TIM_Base_SetConfig
                0x08002f2c       0xb8 build/stm32g4xx_hal_tim.o
                0x08002f2c                TIM_Base_SetConfig
 .text.HAL_TIM_Base_Init
                0x08002fe4       0x38 build/stm32g4xx_hal_tim.o
                0x08002fe4                HAL_TIM_Base_Init
 .text.HAL_TIM_OC_Init
                0x0800301c       0x38 build/stm32g4xx_hal_tim.o
                0x0800301c                HAL_TIM_OC_Init
 .text.TIM_OC2_SetConfig
                0x08003054       0x8c build/stm32g4xx_hal_tim.o
                0x08003054                TIM_OC2_SetConfig
 .text.HAL_TIM_OC_ConfigChannel
                0x080030e0       0x78 build/stm32g4xx_hal_tim.o
                0x080030e0                HAL_TIM_OC_ConfigChannel
 .text.TIM_ETR_SetConfig
                0x08003158       0x18 build/stm32g4xx_hal_tim.o
                0x08003158                TIM_ETR_SetConfig
 .text.HAL_TIM_ConfigClockSource
                0x08003170      0x110 build/stm32g4xx_hal_tim.o
                0x08003170                HAL_TIM_ConfigClockSource
 .text.HAL_TIMEx_MasterConfigSynchronization
                0x08003280       0x68 build/stm32g4xx_hal_tim_ex.o
                0x08003280                HAL_TIMEx_MasterConfigSynchronization
 .text.HAL_TIMEx_ConfigBreakDeadTime
                0x080032e8       0xbc build/stm32g4xx_hal_tim_ex.o
                0x080032e8                HAL_TIMEx_ConfigBreakDeadTime
 .text.HAL_TIMEx_CommutCallback
                0x080033a4        0x4 build/stm32g4xx_hal_tim_ex.o
                0x080033a4                HAL_TIMEx_CommutCallback
 .text.HAL_TIMEx_BreakCallback
                0x080033a8        0x4 build/stm32g4xx_hal_tim_ex.o
                0x080033a8                HAL_TIMEx_BreakCallback
 .text.HAL_TIMEx_Break2Callback
                0x080033ac        0x4 build/stm32g4xx_hal_tim_ex.o
                0x080033ac                HAL_TIMEx_Break2Callback
 .text.HAL_TIMEx_EncoderIndexCallback
                0x080033b0        0x4 build/stm32g4xx_hal_tim_ex.o
                0x080033b0                HAL_TIMEx_EncoderIndexCallback
 .text.HAL_TIMEx_DirectionChangeCallback
                0x080033b4        0x4 build/stm32g4xx_hal_tim_ex.o
                0x080033b4                HAL_TIMEx_DirectionChangeCallback
 .text.HAL_TIMEx_IndexErrorCallback
                0x080033b8        0x4 build/stm32g4xx_hal_tim_ex.o
                0x080033b8                HAL_TIMEx_IndexErrorCallback
 .text.HAL_TIMEx_TransitionErrorCallback
                0x080033bc        0x4 build/stm32g4xx_hal_tim_ex.o
                0x080033bc                HAL_TIMEx_TransitionErrorCallback
 .text.UART_SetConfig
                0x080033c0      0xcfc build/stm32g4xx_hal_uart.o
                0x080033c0                UART_SetConfig
 .text.UART_AdvFeatureConfig
                0x080040bc       0xc8 build/stm32g4xx_hal_uart.o
                0x080040bc                UART_AdvFeatureConfig
 .text.UART_WaitOnFlagUntilTimeout
                0x08004184       0x68 build/stm32g4xx_hal_uart.o
                0x08004184                UART_WaitOnFlagUntilTimeout
 .text.UART_CheckIdleState
                0x080041ec       0x70 build/stm32g4xx_hal_uart.o
                0x080041ec                UART_CheckIdleState
 .text.HAL_UART_Init
                0x0800425c       0x64 build/stm32g4xx_hal_uart.o
                0x0800425c                HAL_UART_Init
 .text.UARTEx_SetNbDataToProcess
                0x080042c0       0x6c build/stm32g4xx_hal_uart_ex.o
 .text.HAL_UARTEx_DisableFifoMode
                0x0800432c       0x40 build/stm32g4xx_hal_uart_ex.o
                0x0800432c                HAL_UARTEx_DisableFifoMode
 .text.HAL_UARTEx_SetTxFifoThreshold
                0x0800436c       0x4c build/stm32g4xx_hal_uart_ex.o
                0x0800436c                HAL_UARTEx_SetTxFifoThreshold
 .text.HAL_UARTEx_SetRxFifoThreshold
                0x080043b8       0x4c build/stm32g4xx_hal_uart_ex.o
                0x080043b8                HAL_UARTEx_SetRxFifoThreshold
 .text.USBD_Init
                0x08004404       0x30 build/usbd_core.o
                0x08004404                USBD_Init
 .text.USBD_RegisterClass
                0x08004434       0x10 build/usbd_core.o
                0x08004434                USBD_RegisterClass
 .text.USBD_Start
                0x08004444        0xc build/usbd_core.o
                0x08004444                USBD_Start
 .text.USBD_SetClassConfig
                0x08004450       0x1c build/usbd_core.o
                0x08004450                USBD_SetClassConfig
 .text.USBD_ClrClassConfig
                0x0800446c       0x10 build/usbd_core.o
                0x0800446c                USBD_ClrClassConfig
 .text.USBD_LL_SetupStage
                0x0800447c       0x5c build/usbd_core.o
                0x0800447c                USBD_LL_SetupStage
 .text.USBD_LL_DataOutStage
                0x080044d8       0x94 build/usbd_core.o
                0x080044d8                USBD_LL_DataOutStage
 .text.USBD_LL_DataInStage
                0x0800456c       0xd0 build/usbd_core.o
                0x0800456c                USBD_LL_DataInStage
 .text.USBD_LL_Reset
                0x0800463c       0x50 build/usbd_core.o
                0x0800463c                USBD_LL_Reset
 .text.USBD_LL_SetSpeed
                0x0800468c        0x8 build/usbd_core.o
                0x0800468c                USBD_LL_SetSpeed
 .text.USBD_LL_Suspend
                0x08004694       0x14 build/usbd_core.o
                0x08004694                USBD_LL_Suspend
 .text.USBD_LL_Resume
                0x080046a8       0x14 build/usbd_core.o
                0x080046a8                USBD_LL_Resume
 .text.USBD_LL_SOF
                0x080046bc       0x18 build/usbd_core.o
                0x080046bc                USBD_LL_SOF
 .text.USBD_GetLen
                0x080046d4       0x14 build/usbd_ctlreq.o
 .text.USBD_SetFeature
                0x080046e8       0x14 build/usbd_ctlreq.o
 .text.USBD_ParseSetupRequest
                0x080046fc       0x28 build/usbd_ctlreq.o
                0x080046fc                USBD_ParseSetupRequest
 .text.USBD_CtlError
                0x08004724       0x14 build/usbd_ctlreq.o
                0x08004724                USBD_CtlError
 .text.USBD_GetDescriptor
                0x08004738      0x1e4 build/usbd_ctlreq.o
 .text.USBD_SetAddress
                0x0800491c       0x50 build/usbd_ctlreq.o
 .text.USBD_SetConfig
                0x0800496c       0xb0 build/usbd_ctlreq.o
 .text.USBD_GetConfig
                0x08004a1c       0x40 build/usbd_ctlreq.o
 .text.USBD_GetStatus
                0x08004a5c       0x38 build/usbd_ctlreq.o
 .text.USBD_ClrFeature
                0x08004a94       0x24 build/usbd_ctlreq.o
 .text.USBD_StdDevReq
                0x08004ab8       0x6c build/usbd_ctlreq.o
                0x08004ab8                USBD_StdDevReq
 .text.USBD_StdItfReq
                0x08004b24       0x5c build/usbd_ctlreq.o
                0x08004b24                USBD_StdItfReq
 .text.USBD_StdEPReq
                0x08004b80      0x214 build/usbd_ctlreq.o
                0x08004b80                USBD_StdEPReq
 .text.USBD_GetString
                0x08004d94       0x38 build/usbd_ctlreq.o
                0x08004d94                USBD_GetString
 .text.USBD_CtlSendData
                0x08004dcc       0x1c build/usbd_ioreq.o
                0x08004dcc                USBD_CtlSendData
 .text.USBD_CtlContinueSendData
                0x08004de8       0x10 build/usbd_ioreq.o
                0x08004de8                USBD_CtlContinueSendData
 .text.USBD_CtlPrepareRx
                0x08004df8       0x20 build/usbd_ioreq.o
                0x08004df8                USBD_CtlPrepareRx
 .text.USBD_CtlContinueRx
                0x08004e18       0x10 build/usbd_ioreq.o
                0x08004e18                USBD_CtlContinueRx
 .text.USBD_CtlSendStatus
                0x08004e28       0x18 build/usbd_ioreq.o
                0x08004e28                USBD_CtlSendStatus
 .text.USBD_CtlReceiveStatus
                0x08004e40       0x18 build/usbd_ioreq.o
                0x08004e40                USBD_CtlReceiveStatus
 .text.USBD_CDC_EP0_RxReady
                0x08004e58       0x28 build/usbd_cdc.o
 .text.USBD_CDC_GetFSCfgDesc
                0x08004e80        0xc build/usbd_cdc.o
 .text.USBD_CDC_GetHSCfgDesc
                0x08004e8c        0xc build/usbd_cdc.o
 .text.USBD_CDC_GetOtherSpeedCfgDesc
                0x08004e98        0xc build/usbd_cdc.o
 .text.USBD_CDC_GetDeviceQualifierDescriptor
                0x08004ea4        0xc build/usbd_cdc.o
                0x08004ea4                USBD_CDC_GetDeviceQualifierDescriptor
 .text.USBD_CDC_DataOut
                0x08004eb0       0x30 build/usbd_cdc.o
 .text.USBD_CDC_DataIn
                0x08004ee0       0x4c build/usbd_cdc.o
 .text.USBD_CDC_Setup
                0x08004f2c       0xdc build/usbd_cdc.o
 .text.USBD_CDC_DeInit
                0x08005008       0x44 build/usbd_cdc.o
 .text.USBD_CDC_Init
                0x0800504c       0xac build/usbd_cdc.o
 .text.USBD_CDC_RegisterInterface
                0x080050f8       0x10 build/usbd_cdc.o
                0x080050f8                USBD_CDC_RegisterInterface
 .text.USBD_CDC_SetTxBuffer
                0x08005108       0x10 build/usbd_cdc.o
                0x08005108                USBD_CDC_SetTxBuffer
 .text.USBD_CDC_SetRxBuffer
                0x08005118        0xc build/usbd_cdc.o
                0x08005118                USBD_CDC_SetRxBuffer
 .text.USBD_CDC_ReceivePacket
                0x08005124       0x34 build/usbd_cdc.o
                0x08005124                USBD_CDC_ReceivePacket
 .text.SystemInit
                0x08005158       0x10 build/system_stm32g4xx.o
                0x08005158                SystemInit
 .text.MX_USB_Device_Init
                0x08005168       0x4c build/usb_device.o
                0x08005168                MX_USB_Device_Init
 .text.MX_GPIO_Init
                0x080051b4       0xa0 build/main.o
 .text.MX_DMA_Init
                0x08005254       0x54 build/main.o
 .text.MX_SPI1_Init
                0x080052a8       0x44 build/main.o
 .text.MX_TIM2_Init
                0x080052ec       0x78 build/main.o
 .text.MX_TIM1_Init
                0x08005364       0xcc build/main.o
 .text.MX_USART2_UART_Init
                0x08005430       0x4c build/main.o
 .text.SystemClock_Config
                0x0800547c       0x7c build/main.o
                0x0800547c                SystemClock_Config
 .text.main     0x080054f8       0x28 build/main.o
                0x080054f8                main
 .text.Error_Handler
                0x08005520        0x4 build/main.o
                0x08005520                Error_Handler
 .text.NMI_Handler
                0x08005524        0x4 build/stm32g4xx_it.o
                0x08005524                NMI_Handler
 .text.HardFault_Handler
                0x08005528        0x4 build/stm32g4xx_it.o
                0x08005528                HardFault_Handler
 .text.MemManage_Handler
                0x0800552c        0x4 build/stm32g4xx_it.o
                0x0800552c                MemManage_Handler
 .text.BusFault_Handler
                0x08005530        0x4 build/stm32g4xx_it.o
                0x08005530                BusFault_Handler
 .text.UsageFault_Handler
                0x08005534        0x4 build/stm32g4xx_it.o
                0x08005534                UsageFault_Handler
 .text.SVC_Handler
                0x08005538        0x4 build/stm32g4xx_it.o
                0x08005538                SVC_Handler
 .text.DebugMon_Handler
                0x0800553c        0x4 build/stm32g4xx_it.o
                0x0800553c                DebugMon_Handler
 .text.PendSV_Handler
                0x08005540        0x4 build/stm32g4xx_it.o
                0x08005540                PendSV_Handler
 .text.SysTick_Handler
                0x08005544        0x8 build/stm32g4xx_it.o
                0x08005544                SysTick_Handler
 .text.EXTI1_IRQHandler
                0x0800554c        0xc build/stm32g4xx_it.o
                0x0800554c                EXTI1_IRQHandler
 .text.DMA1_Channel1_IRQHandler
                0x08005558       0x10 build/stm32g4xx_it.o
                0x08005558                DMA1_Channel1_IRQHandler
 .text.DMA1_Channel2_IRQHandler
                0x08005568       0x10 build/stm32g4xx_it.o
                0x08005568                DMA1_Channel2_IRQHandler
 .text.USB_LP_IRQHandler
                0x08005578       0x10 build/stm32g4xx_it.o
                0x08005578                USB_LP_IRQHandler
 .text.TIM2_IRQHandler
                0x08005588       0x10 build/stm32g4xx_it.o
                0x08005588                TIM2_IRQHandler
 .text.HAL_MspInit
                0x08005598       0x48 build/stm32g4xx_hal_msp.o
                0x08005598                HAL_MspInit
 .text.HAL_SPI_MspInit
                0x080055e0       0xcc build/stm32g4xx_hal_msp.o
                0x080055e0                HAL_SPI_MspInit
 .text.HAL_TIM_Base_MspInit
                0x080056ac       0x94 build/stm32g4xx_hal_msp.o
                0x080056ac                HAL_TIM_Base_MspInit
 .text.HAL_TIM_MspPostInit
                0x08005740       0x50 build/stm32g4xx_hal_msp.o
                0x08005740                HAL_TIM_MspPostInit
 .text.HAL_UART_MspInit
                0x08005790       0x60 build/stm32g4xx_hal_msp.o
                0x08005790                HAL_UART_MspInit
 .text.USBD_Get_USB_Status
                0x080057f0       0x14 build/usbd_conf.o
 .text.SystemClockConfig_Resume
                0x08005804        0x8 build/usbd_conf.o
 .text.HAL_PCD_MspInit
                0x0800580c       0x40 build/usbd_conf.o
                0x0800580c                HAL_PCD_MspInit
 .text.HAL_PCD_SetupStageCallback
                0x0800584c       0x10 build/usbd_conf.o
                0x0800584c                HAL_PCD_SetupStageCallback
 .text.HAL_PCD_DataOutStageCallback
                0x0800585c       0x14 build/usbd_conf.o
                0x0800585c                HAL_PCD_DataOutStageCallback
 .text.HAL_PCD_DataInStageCallback
                0x08005870       0x14 build/usbd_conf.o
                0x08005870                HAL_PCD_DataInStageCallback
 .text.HAL_PCD_SOFCallback
                0x08005884        0xc build/usbd_conf.o
                0x08005884                HAL_PCD_SOFCallback
 .text.HAL_PCD_ResetCallback
                0x08005890       0x24 build/usbd_conf.o
                0x08005890                HAL_PCD_ResetCallback
 .text.HAL_PCD_SuspendCallback
                0x080058b4       0x20 build/usbd_conf.o
                0x080058b4                HAL_PCD_SuspendCallback
 .text.HAL_PCD_ResumeCallback
                0x080058d4       0x24 build/usbd_conf.o
                0x080058d4                HAL_PCD_ResumeCallback
 .text.USBD_LL_Init
                0x080058f8       0x88 build/usbd_conf.o
                0x080058f8                USBD_LL_Init
 .text.USBD_LL_Start
                0x08005980       0x10 build/usbd_conf.o
                0x08005980                USBD_LL_Start
 .text.USBD_LL_OpenEP
                0x08005990       0x18 build/usbd_conf.o
                0x08005990                USBD_LL_OpenEP
 .text.USBD_LL_CloseEP
                0x080059a8       0x10 build/usbd_conf.o
                0x080059a8                USBD_LL_CloseEP
 .text.USBD_LL_StallEP
                0x080059b8       0x10 build/usbd_conf.o
                0x080059b8                USBD_LL_StallEP
 .text.USBD_LL_ClearStallEP
                0x080059c8       0x10 build/usbd_conf.o
                0x080059c8                USBD_LL_ClearStallEP
 .text.USBD_LL_IsStallEP
                0x080059d8       0x28 build/usbd_conf.o
                0x080059d8                USBD_LL_IsStallEP
 .text.USBD_LL_SetUSBAddress
                0x08005a00       0x10 build/usbd_conf.o
                0x08005a00                USBD_LL_SetUSBAddress
 .text.USBD_LL_Transmit
                0x08005a10       0x10 build/usbd_conf.o
                0x08005a10                USBD_LL_Transmit
 .text.USBD_LL_PrepareReceive
                0x08005a20       0x10 build/usbd_conf.o
                0x08005a20                USBD_LL_PrepareReceive
 .text.USBD_LL_GetRxDataSize
                0x08005a30        0xc build/usbd_conf.o
                0x08005a30                USBD_LL_GetRxDataSize
 .text.HAL_PCDEx_LPM_Callback
                0x08005a3c       0x44 build/usbd_conf.o
                0x08005a3c                HAL_PCDEx_LPM_Callback
 .text.USBD_static_malloc
                0x08005a80        0x8 build/usbd_conf.o
                0x08005a80                USBD_static_malloc
 .text.USBD_static_free
                0x08005a88        0x4 build/usbd_conf.o
                0x08005a88                USBD_static_free
 .text.USBD_CDC_DeviceDescriptor
                0x08005a8c        0xc build/usbd_desc.o
                0x08005a8c                USBD_CDC_DeviceDescriptor
 .text.USBD_CDC_LangIDStrDescriptor
                0x08005a98        0xc build/usbd_desc.o
                0x08005a98                USBD_CDC_LangIDStrDescriptor
 .text.IntToUnicode
                0x08005aa4       0x30 build/usbd_desc.o
 .text.Get_SerialNum
                0x08005ad4       0x38 build/usbd_desc.o
 .text.USBD_CDC_SerialStrDescriptor
                0x08005b0c       0x14 build/usbd_desc.o
                0x08005b0c                USBD_CDC_SerialStrDescriptor
 .text.USBD_CDC_ProductStrDescriptor
                0x08005b20       0x24 build/usbd_desc.o
                0x08005b20                USBD_CDC_ProductStrDescriptor
 .text.USBD_CDC_ManufacturerStrDescriptor
                0x08005b44       0x1c build/usbd_desc.o
                0x08005b44                USBD_CDC_ManufacturerStrDescriptor
 .text.USBD_CDC_ConfigStrDescriptor
                0x08005b60       0x24 build/usbd_desc.o
                0x08005b60                USBD_CDC_ConfigStrDescriptor
 .text.USBD_CDC_InterfaceStrDescriptor
                0x08005b84       0x24 build/usbd_desc.o
                0x08005b84                USBD_CDC_InterfaceStrDescriptor
 .text.CDC_DeInit_FS
                0x08005ba8        0x4 build/usbd_cdc_if.o
 .text.CDC_Control_FS
                0x08005bac        0x4 build/usbd_cdc_if.o
 .text.CDC_Receive_FS
                0x08005bb0       0x1c build/usbd_cdc_if.o
 .text.CDC_Init_FS
                0x08005bcc       0x28 build/usbd_cdc_if.o
 .text.Reset_Handler
                0x08005bf4       0x50 build/startup_stm32g431xx.o
                0x08005bf4                Reset_Handler
 .text.Default_Handler
                0x08005c44        0x2 build/startup_stm32g431xx.o
                0x08005c44                RTC_Alarm_IRQHandler
                0x08005c44                EXTI2_IRQHandler
                0x08005c44                TIM8_TRG_COM_IRQHandler
                0x08005c44                TIM8_CC_IRQHandler
                0x08005c44                TIM1_CC_IRQHandler
                0x08005c44                USB_HP_IRQHandler
                0x08005c44                CORDIC_IRQHandler
                0x08005c44                EXTI3_IRQHandler
                0x08005c44                I2C3_ER_IRQHandler
                0x08005c44                EXTI0_IRQHandler
                0x08005c44                I2C2_EV_IRQHandler
                0x08005c44                FPU_IRQHandler
                0x08005c44                FDCAN1_IT1_IRQHandler
                0x08005c44                TIM1_UP_TIM16_IRQHandler
                0x08005c44                ADC1_2_IRQHandler
                0x08005c44                SPI1_IRQHandler
                0x08005c44                TIM6_DAC_IRQHandler
                0x08005c44                TIM8_UP_IRQHandler
                0x08005c44                DMA2_Channel2_IRQHandler
                0x08005c44                DMA1_Channel4_IRQHandler
                0x08005c44                USART3_IRQHandler
                0x08005c44                TIM4_IRQHandler
                0x08005c44                DMA2_Channel1_IRQHandler
                0x08005c44                I2C1_EV_IRQHandler
                0x08005c44                DMA1_Channel6_IRQHandler
                0x08005c44                UART4_IRQHandler
                0x08005c44                DMA2_Channel4_IRQHandler
                0x08005c44                TIM3_IRQHandler
                0x08005c44                RCC_IRQHandler
                0x08005c44                Default_Handler
                0x08005c44                RTC_TAMP_LSECSS_IRQHandler
                0x08005c44                FMAC_IRQHandler
                0x08005c44                EXTI15_10_IRQHandler
                0x08005c44                TIM7_IRQHandler
                0x08005c44                UCPD1_IRQHandler
                0x08005c44                I2C3_EV_IRQHandler
                0x08005c44                EXTI9_5_IRQHandler
                0x08005c44                RTC_WKUP_IRQHandler
                0x08005c44                PVD_PVM_IRQHandler
                0x08005c44                SPI2_IRQHandler
                0x08005c44                DMA2_Channel5_IRQHandler
                0x08005c44                CRS_IRQHandler
                0x08005c44                DMA1_Channel5_IRQHandler
                0x08005c44                EXTI4_IRQHandler
                0x08005c44                RNG_IRQHandler
                0x08005c44                TIM1_TRG_COM_TIM17_IRQHandler
                0x08005c44                DMA1_Channel3_IRQHandler
                0x08005c44                WWDG_IRQHandler
                0x08005c44                LPUART1_IRQHandler
                0x08005c44                DMA2_Channel6_IRQHandler
                0x08005c44                FDCAN1_IT0_IRQHandler
                0x08005c44                COMP1_2_3_IRQHandler
                0x08005c44                USART2_IRQHandler
                0x08005c44                I2C2_ER_IRQHandler
                0x08005c44                TIM8_BRK_IRQHandler
                0x08005c44                FLASH_IRQHandler
                0x08005c44                USART1_IRQHandler
                0x08005c44                SPI3_IRQHandler
                0x08005c44                I2C1_ER_IRQHandler
                0x08005c44                LPTIM1_IRQHandler
                0x08005c44                DMAMUX_OVR_IRQHandler
                0x08005c44                USBWakeUp_IRQHandler
                0x08005c44                SAI1_IRQHandler
                0x08005c44                DMA2_Channel3_IRQHandler
                0x08005c44                COMP4_IRQHandler
                0x08005c44                TIM1_BRK_TIM15_IRQHandler
 *fill*         0x08005c46        0x2 
 .text.__libc_init_array
                0x08005c48       0x88 e:/programs/armtools/bin/../lib/gcc/arm-none-eabi/5.4.1/../../../../arm-none-eabi/lib\libc_nano.a(lib_a-init.o)
                0x08005c48                __libc_init_array
 .text.memset   0x08005cd0       0x18 e:/programs/armtools/bin/../lib/gcc/arm-none-eabi/5.4.1/../../../../arm-none-eabi/lib\libc_nano.a(lib_a-memset.o)
                0x08005cd0                memset
 *(.glue_7)
 .glue_7        0x08005ce8        0x0 linker stubs
 *(.glue_7t)
 .glue_7t       0x08005ce8        0x0 linker stubs
 *(.eh_frame)
 .eh_frame      0x08005ce8        0x0 e:/programs/armtools/bin/../lib/gcc/arm-none-eabi/5.4.1/crtbegin.o
 *(.init)
 .init          0x08005ce8        0xc e:/programs/armtools/bin/../lib/gcc/arm-none-eabi/5.4.1/crti.o
                0x08005ce8                _init
 .init          0x08005cf4        0xc e:/programs/armtools/bin/../lib/gcc/arm-none-eabi/5.4.1/crtn.o
 *(.fini)
 .fini          0x08005d00        0xc e:/programs/armtools/bin/../lib/gcc/arm-none-eabi/5.4.1/crti.o
                0x08005d00                _fini
 .fini          0x08005d0c        0xc e:/programs/armtools/bin/../lib/gcc/arm-none-eabi/5.4.1/crtn.o
                0x08005d18                . = ALIGN (0x4)
                0x08005d18                _etext = .

.vfp11_veneer   0x08005d18        0x0
 .vfp11_veneer  0x08005d18        0x0 linker stubs

.v4_bx          0x08005d18        0x0
 .v4_bx         0x08005d18        0x0 linker stubs

.iplt           0x08005d18        0x0
 .iplt          0x08005d18        0x0 e:/programs/armtools/bin/../lib/gcc/arm-none-eabi/5.4.1/crtbegin.o

.rodata         0x08005d18       0x58
                0x08005d18                . = ALIGN (0x4)
 *(.rodata)
 .rodata        0x08005d18       0x10 build/stm32g4xx_hal_uart_ex.o
 *(.rodata*)
 .rodata.AHBPrescTable
                0x08005d28       0x10 build/system_stm32g4xx.o
                0x08005d28                AHBPrescTable
 .rodata.APBPrescTable
                0x08005d38        0x8 build/system_stm32g4xx.o
                0x08005d38                APBPrescTable
 .rodata.str1.4
                0x08005d40       0x30 build/usbd_desc.o
                                 0x2e (size before relaxing)
                0x08005d70                . = ALIGN (0x4)

.ARM.extab
 *(.ARM.extab* .gnu.linkonce.armextab.*)

.ARM            0x08005d70        0x8
                0x08005d70                __exidx_start = .
 *(.ARM.exidx*)
 .ARM.exidx     0x08005d70        0x8 e:/programs/armtools/bin/../lib/gcc/arm-none-eabi/5.4.1\libgcc.a(_udivmoddi4.o)
                0x08005d78                __exidx_end = .

.rel.dyn        0x08005d78        0x0
 .rel.iplt      0x08005d78        0x0 e:/programs/armtools/bin/../lib/gcc/arm-none-eabi/5.4.1/crtbegin.o

.preinit_array  0x08005d78        0x0
                0x08005d78                PROVIDE (__preinit_array_start, .)
 *(.preinit_array*)
                0x08005d78                PROVIDE (__preinit_array_end, .)

.init_array     0x08005d78        0x4
                0x08005d78                PROVIDE (__init_array_start, .)
 *(SORT(.init_array.*))
 *(.init_array*)
 .init_array    0x08005d78        0x4 e:/programs/armtools/bin/../lib/gcc/arm-none-eabi/5.4.1/crtbegin.o
                0x08005d7c                PROVIDE (__init_array_end, .)

.fini_array     0x08005d7c        0x4
                [!provide]                PROVIDE (__fini_array_start, .)
 *(SORT(.fini_array.*))
 *(.fini_array*)
 .fini_array    0x08005d7c        0x4 e:/programs/armtools/bin/../lib/gcc/arm-none-eabi/5.4.1/crtbegin.o
                [!provide]                PROVIDE (__fini_array_end, .)
                0x08005d80                _sidata = LOADADDR (.data)

.data           0x20000000      0x180 load address 0x08005d80
                0x20000000                . = ALIGN (0x4)
                0x20000000                _sdata = .
 *(.data)
 *(.data*)
 .data.uwTickPrio
                0x20000000        0x4 build/stm32g4xx_hal.o
                0x20000000                uwTickPrio
 .data.uwTickFreq
                0x20000004        0x4 build/stm32g4xx_hal.o
                0x20000004                uwTickFreq
 .data.USBD_CDC_CfgFSDesc
                0x20000008       0x43 build/usbd_cdc.o
                0x20000008                USBD_CDC_CfgFSDesc
 *fill*         0x2000004b        0x1 
 .data.USBD_CDC
                0x2000004c       0x38 build/usbd_cdc.o
                0x2000004c                USBD_CDC
 .data.USBD_CDC_DeviceQualifierDesc
                0x20000084        0xa build/usbd_cdc.o
 *fill*         0x2000008e        0x2 
 .data.USBD_CDC_OtherSpeedCfgDesc
                0x20000090       0x43 build/usbd_cdc.o
                0x20000090                USBD_CDC_OtherSpeedCfgDesc
 *fill*         0x200000d3        0x1 
 .data.USBD_CDC_CfgHSDesc
                0x200000d4       0x43 build/usbd_cdc.o
                0x200000d4                USBD_CDC_CfgHSDesc
 *fill*         0x20000117        0x1 
 .data.SystemCoreClock
                0x20000118        0x4 build/system_stm32g4xx.o
                0x20000118                SystemCoreClock
 .data.CDC_Desc
                0x2000011c       0x20 build/usbd_desc.o
                0x2000011c                CDC_Desc
 .data.USBD_LangIDDesc
                0x2000013c        0x4 build/usbd_desc.o
                0x2000013c                USBD_LangIDDesc
 .data.USBD_CDC_DeviceDesc
                0x20000140       0x12 build/usbd_desc.o
                0x20000140                USBD_CDC_DeviceDesc
 *fill*         0x20000152        0x2 
 .data.USBD_StringSerial
                0x20000154       0x1a build/usbd_desc.o
                0x20000154                USBD_StringSerial
 *fill*         0x2000016e        0x2 
 .data.USBD_Interface_fops_FS
                0x20000170       0x10 build/usbd_cdc_if.o
                0x20000170                USBD_Interface_fops_FS
                0x20000180                . = ALIGN (0x4)
                0x20000180                _edata = .

.jcr            0x20000180        0x0 load address 0x08005f00
 .jcr           0x20000180        0x0 e:/programs/armtools/bin/../lib/gcc/arm-none-eabi/5.4.1/crtbegin.o

.igot.plt       0x20000180        0x0 load address 0x08005f00
 .igot.plt      0x20000180        0x0 e:/programs/armtools/bin/../lib/gcc/arm-none-eabi/5.4.1/crtbegin.o
                0x20000180                . = ALIGN (0x4)

.bss            0x20000180     0x137c load address 0x08005f00
                0x20000180                _sbss = .
                0x20000180                __bss_start__ = _sbss
 *(.bss)
 .bss           0x20000180       0x1c e:/programs/armtools/bin/../lib/gcc/arm-none-eabi/5.4.1/crtbegin.o
 *(.bss*)
 .bss.cfgidx.9134
                0x2000019c        0x1 build/usbd_ctlreq.o
 *fill*         0x2000019d        0x3 
 .bss.mem.9209  0x200001a0      0x220 build/usbd_conf.o
 *(COMMON)
 COMMON         0x200003c0        0x4 build/stm32g4xx_hal.o
                0x200003c0                uwTick
 COMMON         0x200003c4      0x2c4 build/usb_device.o
                0x200003c4                hUsbDeviceFS
 COMMON         0x20000688      0x230 build/main.o
                0x20000688                htim1
                0x200006c8                hspi1
                0x2000072c                htim2
                0x2000076c                huart2
                0x200007f8                hdma_spi1_rx
                0x20000858                hdma_spi1_tx
 COMMON         0x200008b8      0x274 build/usbd_conf.o
                0x200008b8                hpcd_USB_FS
 COMMON         0x20000b2c      0x200 build/usbd_desc.o
                0x20000b2c                USBD_StrDesc
 COMMON         0x20000d2c      0x7d0 build/usbd_cdc_if.o
                0x20000d2c                UserRxBufferFS
                0x20001114                UserTxBufferFS
                0x200014fc                . = ALIGN (0x4)
                0x200014fc                _ebss = .
                0x200014fc                __bss_end__ = _ebss

._user_heap_stack
                0x200014fc      0x604 load address 0x08005f00
                0x20001500                . = ALIGN (0x8)
 *fill*         0x200014fc        0x4 
                [!provide]                PROVIDE (end, .)
                [!provide]                PROVIDE (_end, .)
                0x20001700                . = (. + _Min_Heap_Size)
 *fill*         0x20001500      0x200 
                0x20001b00                . = (. + _Min_Stack_Size)
 *fill*         0x20001700      0x400 
                0x20001b00                . = ALIGN (0x8)

/DISCARD/
 libc.a(*)
 libm.a(*)
 libgcc.a(*)

.ARM.attributes
                0x00000000       0x31
 *(.ARM.attributes)
 .ARM.attributes
                0x00000000       0x16 e:/programs/armtools/bin/../lib/gcc/arm-none-eabi/5.4.1/crti.o
 .ARM.attributes
                0x00000016       0x30 e:/programs/armtools/bin/../lib/gcc/arm-none-eabi/5.4.1/crtbegin.o
 .ARM.attributes
                0x00000046       0x2d build/stm32g4xx_hal_gpio.o
 .ARM.attributes
                0x00000073       0x2d build/stm32g4xx_hal_pcd.o
 .ARM.attributes
                0x000000a0       0x2d build/stm32g4xx_hal_pcd_ex.o
 .ARM.attributes
                0x000000cd       0x2d build/stm32g4xx_ll_usb.o
 .ARM.attributes
                0x000000fa       0x2d build/stm32g4xx_hal.o
 .ARM.attributes
                0x00000127       0x2d build/stm32g4xx_hal_rcc.o
 .ARM.attributes
                0x00000154       0x2d build/stm32g4xx_hal_rcc_ex.o
 .ARM.attributes
                0x00000181       0x2d build/stm32g4xx_hal_dma.o
 .ARM.attributes
                0x000001ae       0x2d build/stm32g4xx_hal_pwr_ex.o
 .ARM.attributes
                0x000001db       0x2d build/stm32g4xx_hal_cortex.o
 .ARM.attributes
                0x00000208       0x2d build/stm32g4xx_hal_spi.o
 .ARM.attributes
                0x00000235       0x2d build/stm32g4xx_hal_tim.o
 .ARM.attributes
                0x00000262       0x2d build/stm32g4xx_hal_tim_ex.o
 .ARM.attributes
                0x0000028f       0x2d build/stm32g4xx_hal_uart.o
 .ARM.attributes
                0x000002bc       0x2d build/stm32g4xx_hal_uart_ex.o
 .ARM.attributes
                0x000002e9       0x2d build/usbd_core.o
 .ARM.attributes
                0x00000316       0x2d build/usbd_ctlreq.o
 .ARM.attributes
                0x00000343       0x2d build/usbd_ioreq.o
 .ARM.attributes
                0x00000370       0x2d build/usbd_cdc.o
 .ARM.attributes
                0x0000039d       0x2d build/system_stm32g4xx.o
 .ARM.attributes
                0x000003ca       0x2d build/usb_device.o
 .ARM.attributes
                0x000003f7       0x2d build/main.o
 .ARM.attributes
                0x00000424       0x2d build/stm32g4xx_it.o
 .ARM.attributes
                0x00000451       0x2d build/stm32g4xx_hal_msp.o
 .ARM.attributes
                0x0000047e       0x2d build/usbd_conf.o
 .ARM.attributes
                0x000004ab       0x2d build/usbd_desc.o
 .ARM.attributes
                0x000004d8       0x2d build/usbd_cdc_if.o
 .ARM.attributes
                0x00000505       0x21 build/startup_stm32g431xx.o
 .ARM.attributes
                0x00000526       0x30 e:/programs/armtools/bin/../lib/gcc/arm-none-eabi/5.4.1/../../../../arm-none-eabi/lib\libc_nano.a(lib_a-init.o)
 .ARM.attributes
                0x00000556       0x30 e:/programs/armtools/bin/../lib/gcc/arm-none-eabi/5.4.1/../../../../arm-none-eabi/lib\libc_nano.a(lib_a-memset.o)
 .ARM.attributes
                0x00000586       0x18 e:/programs/armtools/bin/../lib/gcc/arm-none-eabi/5.4.1\libgcc.a(_aeabi_uldivmod.o)
 .ARM.attributes
                0x0000059e       0x30 e:/programs/armtools/bin/../lib/gcc/arm-none-eabi/5.4.1\libgcc.a(_udivmoddi4.o)
 .ARM.attributes
                0x000005ce       0x18 e:/programs/armtools/bin/../lib/gcc/arm-none-eabi/5.4.1\libgcc.a(_dvmd_tls.o)
 .ARM.attributes
                0x000005e6       0x18 e:/programs/armtools/bin/../lib/gcc/arm-none-eabi/5.4.1\libgcc.a(_clzdi2.o)
 .ARM.attributes
                0x000005fe       0x18 e:/programs/armtools/bin/../lib/gcc/arm-none-eabi/5.4.1\libgcc.a(_clzsi2.o)
 .ARM.attributes
                0x00000616       0x18 e:/programs/armtools/bin/../lib/gcc/arm-none-eabi/5.4.1/crtn.o
OUTPUT(build/depth-firmware-v2.elf elf32-littlearm)

.debug_info     0x00000000    0x1edb3
 .debug_info    0x00000000      0x898 build/stm32g4xx_hal_gpio.o
 .debug_info    0x00000898     0x1364 build/stm32g4xx_hal_pcd.o
 .debug_info    0x00001bfc      0x9ea build/stm32g4xx_hal_pcd_ex.o
 .debug_info    0x000025e6     0x1670 build/stm32g4xx_ll_usb.o
 .debug_info    0x00003c56      0xbf4 build/stm32g4xx_hal.o
 .debug_info    0x0000484a      0xecc build/stm32g4xx_hal_rcc.o
 .debug_info    0x00005716      0xf32 build/stm32g4xx_hal_rcc_ex.o
 .debug_info    0x00006648      0xa28 build/stm32g4xx_hal_dma.o
 .debug_info    0x00007070      0xa87 build/stm32g4xx_hal_pwr_ex.o
 .debug_info    0x00007af7      0xf8f build/stm32g4xx_hal_cortex.o
 .debug_info    0x00008a86     0x20ad build/stm32g4xx_hal_spi.o
 .debug_info    0x0000ab33     0x3864 build/stm32g4xx_hal_tim.o
 .debug_info    0x0000e397     0x1f13 build/stm32g4xx_hal_tim_ex.o
 .debug_info    0x000102aa     0x2119 build/stm32g4xx_hal_uart.o
 .debug_info    0x000123c3      0xd55 build/stm32g4xx_hal_uart_ex.o
 .debug_info    0x00013118      0xd94 build/usbd_core.o
 .debug_info    0x00013eac     0x10bf build/usbd_ctlreq.o
 .debug_info    0x00014f6b      0x81d build/usbd_ioreq.o
 .debug_info    0x00015788     0x13ce build/usbd_cdc.o
 .debug_info    0x00016b56      0x5f9 build/system_stm32g4xx.o
 .debug_info    0x0001714f      0x724 build/usb_device.o
 .debug_info    0x00017873     0x1f39 build/main.o
 .debug_info    0x000197ac      0xea6 build/stm32g4xx_it.o
 .debug_info    0x0001a652     0x19ab build/stm32g4xx_hal_msp.o
 .debug_info    0x0001bffd     0x1e56 build/usbd_conf.o
 .debug_info    0x0001de53      0x5e6 build/usbd_desc.o
 .debug_info    0x0001e439      0x8f4 build/usbd_cdc_if.o
 .debug_info    0x0001ed2d       0x86 build/startup_stm32g431xx.o

.debug_abbrev   0x00000000     0x3bfa
 .debug_abbrev  0x00000000      0x208 build/stm32g4xx_hal_gpio.o
 .debug_abbrev  0x00000208      0x293 build/stm32g4xx_hal_pcd.o
 .debug_abbrev  0x0000049b      0x23c build/stm32g4xx_hal_pcd_ex.o
 .debug_abbrev  0x000006d7      0x2ab build/stm32g4xx_ll_usb.o
 .debug_abbrev  0x00000982      0x209 build/stm32g4xx_hal.o
 .debug_abbrev  0x00000b8b      0x26f build/stm32g4xx_hal_rcc.o
 .debug_abbrev  0x00000dfa      0x234 build/stm32g4xx_hal_rcc_ex.o
 .debug_abbrev  0x0000102e      0x239 build/stm32g4xx_hal_dma.o
 .debug_abbrev  0x00001267      0x228 build/stm32g4xx_hal_pwr_ex.o
 .debug_abbrev  0x0000148f      0x308 build/stm32g4xx_hal_cortex.o
 .debug_abbrev  0x00001797      0x253 build/stm32g4xx_hal_spi.o
 .debug_abbrev  0x000019ea      0x265 build/stm32g4xx_hal_tim.o
 .debug_abbrev  0x00001c4f      0x25e build/stm32g4xx_hal_tim_ex.o
 .debug_abbrev  0x00001ead      0x25d build/stm32g4xx_hal_uart.o
 .debug_abbrev  0x0000210a      0x228 build/stm32g4xx_hal_uart_ex.o
 .debug_abbrev  0x00002332      0x234 build/usbd_core.o
 .debug_abbrev  0x00002566      0x293 build/usbd_ctlreq.o
 .debug_abbrev  0x000027f9      0x165 build/usbd_ioreq.o
 .debug_abbrev  0x0000295e      0x2a9 build/usbd_cdc.o
 .debug_abbrev  0x00002c07      0x103 build/system_stm32g4xx.o
 .debug_abbrev  0x00002d0a      0x17d build/usb_device.o
 .debug_abbrev  0x00002e87      0x24e build/main.o
 .debug_abbrev  0x000030d5      0x1e2 build/stm32g4xx_it.o
 .debug_abbrev  0x000032b7      0x22f build/stm32g4xx_hal_msp.o
 .debug_abbrev  0x000034e6      0x2e9 build/usbd_conf.o
 .debug_abbrev  0x000037cf      0x1e2 build/usbd_desc.o
 .debug_abbrev  0x000039b1      0x237 build/usbd_cdc_if.o
 .debug_abbrev  0x00003be8       0x12 build/startup_stm32g431xx.o

.debug_loc      0x00000000    0x1484c
 .debug_loc     0x00000000      0x34f build/stm32g4xx_hal_gpio.o
 .debug_loc     0x0000034f      0xc3e build/stm32g4xx_hal_pcd.o
 .debug_loc     0x00000f8d      0x1d2 build/stm32g4xx_hal_pcd_ex.o
 .debug_loc     0x0000115f     0x116a build/stm32g4xx_ll_usb.o
 .debug_loc     0x000022c9      0x31a build/stm32g4xx_hal.o
 .debug_loc     0x000025e3      0x842 build/stm32g4xx_hal_rcc.o
 .debug_loc     0x00002e25     0x14e7 build/stm32g4xx_hal_rcc_ex.o
 .debug_loc     0x0000430c      0x7f1 build/stm32g4xx_hal_dma.o
 .debug_loc     0x00004afd      0x8dc build/stm32g4xx_hal_pwr_ex.o
 .debug_loc     0x000053d9      0x5ac build/stm32g4xx_hal_cortex.o
 .debug_loc     0x00005985     0x1efe build/stm32g4xx_hal_spi.o
 .debug_loc     0x00007883     0x47b7 build/stm32g4xx_hal_tim.o
 .debug_loc     0x0000c03a     0x21d5 build/stm32g4xx_hal_tim_ex.o
 .debug_loc     0x0000e20f     0x218e build/stm32g4xx_hal_uart.o
 .debug_loc     0x0001039d      0x5ed build/stm32g4xx_hal_uart_ex.o
 .debug_loc     0x0001098a      0x8ac build/usbd_core.o
 .debug_loc     0x00011236     0x1181 build/usbd_ctlreq.o
 .debug_loc     0x000123b7      0x31c build/usbd_ioreq.o
 .debug_loc     0x000126d3      0x841 build/usbd_cdc.o
 .debug_loc     0x00012f14       0x57 build/system_stm32g4xx.o
 .debug_loc     0x00012f6b       0x20 build/usb_device.o
 .debug_loc     0x00012f8b      0x17b build/main.o
 .debug_loc     0x00013106       0xc0 build/stm32g4xx_it.o
 .debug_loc     0x000131c6      0x2b0 build/stm32g4xx_hal_msp.o
 .debug_loc     0x00013476      0xe2e build/usbd_conf.o
 .debug_loc     0x000142a4      0x412 build/usbd_desc.o
 .debug_loc     0x000146b6      0x196 build/usbd_cdc_if.o

.debug_aranges  0x00000000     0x17c0
 .debug_aranges
                0x00000000       0x58 build/stm32g4xx_hal_gpio.o
 .debug_aranges
                0x00000058      0x120 build/stm32g4xx_hal_pcd.o
 .debug_aranges
                0x00000178       0x58 build/stm32g4xx_hal_pcd_ex.o
 .debug_aranges
                0x000001d0      0x108 build/stm32g4xx_ll_usb.o
 .debug_aranges
                0x000002d8      0x130 build/stm32g4xx_hal.o
 .debug_aranges
                0x00000408       0x98 build/stm32g4xx_hal_rcc.o
 .debug_aranges
                0x000004a0       0xb0 build/stm32g4xx_hal_rcc_ex.o
 .debug_aranges
                0x00000550       0x90 build/stm32g4xx_hal_dma.o
 .debug_aranges
                0x000005e0      0x140 build/stm32g4xx_hal_pwr_ex.o
 .debug_aranges
                0x00000720       0xa8 build/stm32g4xx_hal_cortex.o
 .debug_aranges
                0x000007c8      0x1d8 build/stm32g4xx_hal_spi.o
 .debug_aranges
                0x000009a0      0x3c8 build/stm32g4xx_hal_tim.o
 .debug_aranges
                0x00000d68      0x228 build/stm32g4xx_hal_tim_ex.o
 .debug_aranges
                0x00000f90      0x218 build/stm32g4xx_hal_uart.o
 .debug_aranges
                0x000011a8       0x88 build/stm32g4xx_hal_uart_ex.o
 .debug_aranges
                0x00001230       0xb8 build/usbd_core.o
 .debug_aranges
                0x000012e8       0x88 build/usbd_ctlreq.o
 .debug_aranges
                0x00001370       0x50 build/usbd_ioreq.o
 .debug_aranges
                0x000013c0       0x90 build/usbd_cdc.o
 .debug_aranges
                0x00001450       0x28 build/system_stm32g4xx.o
 .debug_aranges
                0x00001478       0x20 build/usb_device.o
 .debug_aranges
                0x00001498       0x60 build/main.o
 .debug_aranges
                0x000014f8       0x88 build/stm32g4xx_it.o
 .debug_aranges
                0x00001580       0x58 build/stm32g4xx_hal_msp.o
 .debug_aranges
                0x000015d8      0x120 build/usbd_conf.o
 .debug_aranges
                0x000016f8       0x60 build/usbd_desc.o
 .debug_aranges
                0x00001758       0x40 build/usbd_cdc_if.o
 .debug_aranges
                0x00001798       0x28 build/startup_stm32g431xx.o

.debug_ranges   0x00000000     0x1638
 .debug_ranges  0x00000000       0x48 build/stm32g4xx_hal_gpio.o
 .debug_ranges  0x00000048      0x110 build/stm32g4xx_hal_pcd.o
 .debug_ranges  0x00000158       0x48 build/stm32g4xx_hal_pcd_ex.o
 .debug_ranges  0x000001a0       0xf8 build/stm32g4xx_ll_usb.o
 .debug_ranges  0x00000298      0x120 build/stm32g4xx_hal.o
 .debug_ranges  0x000003b8       0xa0 build/stm32g4xx_hal_rcc.o
 .debug_ranges  0x00000458       0xb8 build/stm32g4xx_hal_rcc_ex.o
 .debug_ranges  0x00000510       0x80 build/stm32g4xx_hal_dma.o
 .debug_ranges  0x00000590      0x130 build/stm32g4xx_hal_pwr_ex.o
 .debug_ranges  0x000006c0       0x98 build/stm32g4xx_hal_cortex.o
 .debug_ranges  0x00000758      0x1c8 build/stm32g4xx_hal_spi.o
 .debug_ranges  0x00000920      0x3b8 build/stm32g4xx_hal_tim.o
 .debug_ranges  0x00000cd8      0x218 build/stm32g4xx_hal_tim_ex.o
 .debug_ranges  0x00000ef0      0x208 build/stm32g4xx_hal_uart.o
 .debug_ranges  0x000010f8       0x78 build/stm32g4xx_hal_uart_ex.o
 .debug_ranges  0x00001170       0xa8 build/usbd_core.o
 .debug_ranges  0x00001218       0x78 build/usbd_ctlreq.o
 .debug_ranges  0x00001290       0x40 build/usbd_ioreq.o
 .debug_ranges  0x000012d0       0x80 build/usbd_cdc.o
 .debug_ranges  0x00001350       0x18 build/system_stm32g4xx.o
 .debug_ranges  0x00001368       0x10 build/usb_device.o
 .debug_ranges  0x00001378       0x50 build/main.o
 .debug_ranges  0x000013c8       0x78 build/stm32g4xx_it.o
 .debug_ranges  0x00001440       0x48 build/stm32g4xx_hal_msp.o
 .debug_ranges  0x00001488      0x110 build/usbd_conf.o
 .debug_ranges  0x00001598       0x50 build/usbd_desc.o
 .debug_ranges  0x000015e8       0x30 build/usbd_cdc_if.o
 .debug_ranges  0x00001618       0x20 build/startup_stm32g431xx.o

.debug_line     0x00000000     0x97c2
 .debug_line    0x00000000      0x2da build/stm32g4xx_hal_gpio.o
 .debug_line    0x000002da      0x643 build/stm32g4xx_hal_pcd.o
 .debug_line    0x0000091d      0x274 build/stm32g4xx_hal_pcd_ex.o
 .debug_line    0x00000b91      0x630 build/stm32g4xx_ll_usb.o
 .debug_line    0x000011c1      0x436 build/stm32g4xx_hal.o
 .debug_line    0x000015f7      0x518 build/stm32g4xx_hal_rcc.o
 .debug_line    0x00001b0f      0x67a build/stm32g4xx_hal_rcc_ex.o
 .debug_line    0x00002189      0x418 build/stm32g4xx_hal_dma.o
 .debug_line    0x000025a1      0x5b9 build/stm32g4xx_hal_pwr_ex.o
 .debug_line    0x00002b5a      0x394 build/stm32g4xx_hal_cortex.o
 .debug_line    0x00002eee      0xc59 build/stm32g4xx_hal_spi.o
 .debug_line    0x00003b47     0x15ec build/stm32g4xx_hal_tim.o
 .debug_line    0x00005133      0xba7 build/stm32g4xx_hal_tim_ex.o
 .debug_line    0x00005cda     0x1381 build/stm32g4xx_hal_uart.o
 .debug_line    0x0000705b      0x44f build/stm32g4xx_hal_uart_ex.o
 .debug_line    0x000074aa      0x38f build/usbd_core.o
 .debug_line    0x00007839      0x49c build/usbd_ctlreq.o
 .debug_line    0x00007cd5      0x1d9 build/usbd_ioreq.o
 .debug_line    0x00007eae      0x423 build/usbd_cdc.o
 .debug_line    0x000082d1      0x14b build/system_stm32g4xx.o
 .debug_line    0x0000841c      0x197 build/usb_device.o
 .debug_line    0x000085b3      0x3b7 build/main.o
 .debug_line    0x0000896a      0x2ba build/stm32g4xx_it.o
 .debug_line    0x00008c24      0x2e2 build/stm32g4xx_hal_msp.o
 .debug_line    0x00008f06      0x497 build/usbd_conf.o
 .debug_line    0x0000939d      0x1f1 build/usbd_desc.o
 .debug_line    0x0000958e      0x1bd build/usbd_cdc_if.o
 .debug_line    0x0000974b       0x77 build/startup_stm32g431xx.o

.debug_str      0x00000000     0x6d4c
 .debug_str     0x00000000      0x50f build/stm32g4xx_hal_gpio.o
                                0x585 (size before relaxing)
 .debug_str     0x0000050f      0x7d5 build/stm32g4xx_hal_pcd.o
                                0xa8e (size before relaxing)
 .debug_str     0x00000ce4      0x1b6 build/stm32g4xx_hal_pcd_ex.o
                                0x7b7 (size before relaxing)
 .debug_str     0x00000e9a      0x1e5 build/stm32g4xx_ll_usb.o
                                0x787 (size before relaxing)
 .debug_str     0x0000107f      0x8a0 build/stm32g4xx_hal.o
                                0xc73 (size before relaxing)
 .debug_str     0x0000191f      0x414 build/stm32g4xx_hal_rcc.o
                                0x862 (size before relaxing)
 .debug_str     0x00001d33      0x502 build/stm32g4xx_hal_rcc_ex.o
                                0xa5b (size before relaxing)
 .debug_str     0x00002235      0x52d build/stm32g4xx_hal_dma.o
                                0x7e6 (size before relaxing)
 .debug_str     0x00002762      0x518 build/stm32g4xx_hal_pwr_ex.o
                                0x82b (size before relaxing)
 .debug_str     0x00002c7a      0x44a build/stm32g4xx_hal_cortex.o
                                0xbbc (size before relaxing)
 .debug_str     0x000030c4      0x735 build/stm32g4xx_hal_spi.o
                                0xd00 (size before relaxing)
 .debug_str     0x000037f9     0x1139 build/stm32g4xx_hal_tim.o
                               0x16e2 (size before relaxing)
 .debug_str     0x00004932      0x95b build/stm32g4xx_hal_tim_ex.o
                               0x131c (size before relaxing)
 .debug_str     0x0000528d      0x91d build/stm32g4xx_hal_uart.o
                               0x1115 (size before relaxing)
 .debug_str     0x00005baa      0x224 build/stm32g4xx_hal_uart_ex.o
                                0xa57 (size before relaxing)
 .debug_str     0x00005dce      0x5e5 build/usbd_core.o
                                0x890 (size before relaxing)
 .debug_str     0x000063b3      0x13c build/usbd_ctlreq.o
                                0x7aa (size before relaxing)
 .debug_str     0x000064ef       0x87 build/usbd_ioreq.o
                                0x6d7 (size before relaxing)
 .debug_str     0x00006576      0x2b5 build/usbd_cdc.o
                                0xc8f (size before relaxing)
 .debug_str     0x0000682b       0x38 build/system_stm32g4xx.o
                                0x407 (size before relaxing)
 .debug_str     0x00006863       0x5f build/usb_device.o
                                0x69b (size before relaxing)
 .debug_str     0x000068c2       0xcf build/main.o
                               0x1834 (size before relaxing)
 .debug_str     0x00006991      0x114 build/stm32g4xx_it.o
                                0xbb4 (size before relaxing)
 .debug_str     0x00006aa5       0x3e build/stm32g4xx_hal_msp.o
                               0x12ef (size before relaxing)
 .debug_str     0x00006ae3       0x80 build/usbd_conf.o
                               0x149d (size before relaxing)
 .debug_str     0x00006b63      0x16a build/usbd_desc.o
                                0x4ae (size before relaxing)
 .debug_str     0x00006ccd       0x7f build/usbd_cdc_if.o
                                0x761 (size before relaxing)

.comment        0x00000000       0x6e
 .comment       0x00000000       0x6e build/stm32g4xx_hal_gpio.o
                                 0x6f (size before relaxing)
 .comment       0x0000006e       0x6f build/stm32g4xx_hal_pcd.o
 .comment       0x0000006e       0x6f build/stm32g4xx_hal_pcd_ex.o
 .comment       0x0000006e       0x6f build/stm32g4xx_ll_usb.o
 .comment       0x0000006e       0x6f build/stm32g4xx_hal.o
 .comment       0x0000006e       0x6f build/stm32g4xx_hal_rcc.o
 .comment       0x0000006e       0x6f build/stm32g4xx_hal_rcc_ex.o
 .comment       0x0000006e       0x6f build/stm32g4xx_hal_dma.o
 .comment       0x0000006e       0x6f build/stm32g4xx_hal_pwr_ex.o
 .comment       0x0000006e       0x6f build/stm32g4xx_hal_cortex.o
 .comment       0x0000006e       0x6f build/stm32g4xx_hal_spi.o
 .comment       0x0000006e       0x6f build/stm32g4xx_hal_tim.o
 .comment       0x0000006e       0x6f build/stm32g4xx_hal_tim_ex.o
 .comment       0x0000006e       0x6f build/stm32g4xx_hal_uart.o
 .comment       0x0000006e       0x6f build/stm32g4xx_hal_uart_ex.o
 .comment       0x0000006e       0x6f build/usbd_core.o
 .comment       0x0000006e       0x6f build/usbd_ctlreq.o
 .comment       0x0000006e       0x6f build/usbd_ioreq.o
 .comment       0x0000006e       0x6f build/usbd_cdc.o
 .comment       0x0000006e       0x6f build/system_stm32g4xx.o
 .comment       0x0000006e       0x6f build/usb_device.o
 .comment       0x0000006e       0x6f build/main.o
 .comment       0x0000006e       0x6f build/stm32g4xx_it.o
 .comment       0x0000006e       0x6f build/stm32g4xx_hal_msp.o
 .comment       0x0000006e       0x6f build/usbd_conf.o
 .comment       0x0000006e       0x6f build/usbd_desc.o
 .comment       0x0000006e       0x6f build/usbd_cdc_if.o

.debug_frame    0x00000000     0x43f4
 .debug_frame   0x00000000       0xd4 build/stm32g4xx_hal_gpio.o
 .debug_frame   0x000000d4      0x35c build/stm32g4xx_hal_pcd.o
 .debug_frame   0x00000430       0xac build/stm32g4xx_hal_pcd_ex.o
 .debug_frame   0x000004dc      0x268 build/stm32g4xx_ll_usb.o
 .debug_frame   0x00000744      0x2ac build/stm32g4xx_hal.o
 .debug_frame   0x000009f0      0x1cc build/stm32g4xx_hal_rcc.o
 .debug_frame   0x00000bbc      0x1b4 build/stm32g4xx_hal_rcc_ex.o
 .debug_frame   0x00000d70      0x1a0 build/stm32g4xx_hal_dma.o
 .debug_frame   0x00000f10      0x26c build/stm32g4xx_hal_pwr_ex.o
 .debug_frame   0x0000117c      0x164 build/stm32g4xx_hal_cortex.o
 .debug_frame   0x000012e0      0x63c build/stm32g4xx_hal_spi.o
 .debug_frame   0x0000191c      0xc70 build/stm32g4xx_hal_tim.o
 .debug_frame   0x0000258c      0x69c build/stm32g4xx_hal_tim_ex.o
 .debug_frame   0x00002c28      0x6b0 build/stm32g4xx_hal_uart.o
 .debug_frame   0x000032d8      0x198 build/stm32g4xx_hal_uart_ex.o
 .debug_frame   0x00003470      0x1f0 build/usbd_core.o
 .debug_frame   0x00003660      0x1a8 build/usbd_ctlreq.o
 .debug_frame   0x00003808       0xd4 build/usbd_ioreq.o
 .debug_frame   0x000038dc      0x190 build/usbd_cdc.o
 .debug_frame   0x00003a6c       0x30 build/system_stm32g4xx.o
 .debug_frame   0x00003a9c       0x2c build/usb_device.o
 .debug_frame   0x00003ac8      0x128 build/main.o
 .debug_frame   0x00003bf0      0x138 build/stm32g4xx_it.o
 .debug_frame   0x00003d28       0xfc build/stm32g4xx_hal_msp.o
 .debug_frame   0x00003e24      0x384 build/usbd_conf.o
 .debug_frame   0x000041a8       0xfc build/usbd_desc.o
 .debug_frame   0x000042a4       0x88 build/usbd_cdc_if.o
 .debug_frame   0x0000432c       0x34 e:/programs/armtools/bin/../lib/gcc/arm-none-eabi/5.4.1/../../../../arm-none-eabi/lib\libc_nano.a(lib_a-init.o)
 .debug_frame   0x00004360       0x20 e:/programs/armtools/bin/../lib/gcc/arm-none-eabi/5.4.1/../../../../arm-none-eabi/lib\libc_nano.a(lib_a-memset.o)
 .debug_frame   0x00004380       0x2c e:/programs/armtools/bin/../lib/gcc/arm-none-eabi/5.4.1\libgcc.a(_aeabi_uldivmod.o)
 .debug_frame   0x000043ac       0x48 e:/programs/armtools/bin/../lib/gcc/arm-none-eabi/5.4.1\libgcc.a(_udivmoddi4.o)

Cross Reference Table

Symbol                                            File
ADC1_2_IRQHandler                                 build/startup_stm32g431xx.o
AHBPrescTable                                     build/system_stm32g4xx.o
                                                  build/stm32g4xx_hal_rcc.o
APBPrescTable                                     build/system_stm32g4xx.o
                                                  build/stm32g4xx_hal_rcc.o
BusFault_Handler                                  build/stm32g4xx_it.o
CDC_Desc                                          build/usbd_desc.o
                                                  build/usb_device.o
CDC_Transmit_FS                                   build/usbd_cdc_if.o
COMP1_2_3_IRQHandler                              build/startup_stm32g431xx.o
COMP4_IRQHandler                                  build/startup_stm32g431xx.o
CORDIC_IRQHandler                                 build/startup_stm32g431xx.o
CRS_IRQHandler                                    build/startup_stm32g431xx.o
DMA1_Channel1_IRQHandler                          build/stm32g4xx_it.o
DMA1_Channel2_IRQHandler                          build/stm32g4xx_it.o
DMA1_Channel3_IRQHandler                          build/startup_stm32g431xx.o
DMA1_Channel4_IRQHandler                          build/startup_stm32g431xx.o
DMA1_Channel5_IRQHandler                          build/startup_stm32g431xx.o
DMA1_Channel6_IRQHandler                          build/startup_stm32g431xx.o
DMA2_Channel1_IRQHandler                          build/startup_stm32g431xx.o
DMA2_Channel2_IRQHandler                          build/startup_stm32g431xx.o
DMA2_Channel3_IRQHandler                          build/startup_stm32g431xx.o
DMA2_Channel4_IRQHandler                          build/startup_stm32g431xx.o
DMA2_Channel5_IRQHandler                          build/startup_stm32g431xx.o
DMA2_Channel6_IRQHandler                          build/startup_stm32g431xx.o
DMAMUX_OVR_IRQHandler                             build/startup_stm32g431xx.o
DebugMon_Handler                                  build/stm32g4xx_it.o
Default_Handler                                   build/startup_stm32g431xx.o
EXTI0_IRQHandler                                  build/startup_stm32g431xx.o
EXTI15_10_IRQHandler                              build/startup_stm32g431xx.o
EXTI1_IRQHandler                                  build/stm32g4xx_it.o
EXTI2_IRQHandler                                  build/startup_stm32g431xx.o
EXTI3_IRQHandler                                  build/startup_stm32g431xx.o
EXTI4_IRQHandler                                  build/startup_stm32g431xx.o
EXTI9_5_IRQHandler                                build/startup_stm32g431xx.o
Error_Handler                                     build/main.o
                                                  build/usbd_conf.o
                                                  build/stm32g4xx_hal_msp.o
                                                  build/usb_device.o
FDCAN1_IT0_IRQHandler                             build/startup_stm32g431xx.o
FDCAN1_IT1_IRQHandler                             build/startup_stm32g431xx.o
FLASH_FlushCaches                                 build/stm32g4xx_hal_flash_ex.o
                                                  build/stm32g4xx_hal_flash.o
FLASH_IRQHandler                                  build/startup_stm32g431xx.o
FLASH_PageErase                                   build/stm32g4xx_hal_flash_ex.o
                                                  build/stm32g4xx_hal_flash.o
FLASH_WaitForLastOperation                        build/stm32g4xx_hal_flash.o
                                                  build/stm32g4xx_hal_flash_ex.o
FMAC_IRQHandler                                   build/startup_stm32g431xx.o
FPU_IRQHandler                                    build/startup_stm32g431xx.o
HAL_DBGMCU_DisableDBGSleepMode                    build/stm32g4xx_hal.o
HAL_DBGMCU_DisableDBGStandbyMode                  build/stm32g4xx_hal.o
HAL_DBGMCU_DisableDBGStopMode                     build/stm32g4xx_hal.o
HAL_DBGMCU_EnableDBGSleepMode                     build/stm32g4xx_hal.o
HAL_DBGMCU_EnableDBGStandbyMode                   build/stm32g4xx_hal.o
HAL_DBGMCU_EnableDBGStopMode                      build/stm32g4xx_hal.o
HAL_DMAEx_ConfigMuxRequestGenerator               build/stm32g4xx_hal_dma_ex.o
HAL_DMAEx_ConfigMuxSync                           build/stm32g4xx_hal_dma_ex.o
HAL_DMAEx_DisableMuxRequestGenerator              build/stm32g4xx_hal_dma_ex.o
HAL_DMAEx_EnableMuxRequestGenerator               build/stm32g4xx_hal_dma_ex.o
HAL_DMAEx_MUX_IRQHandler                          build/stm32g4xx_hal_dma_ex.o
HAL_DMA_Abort                                     build/stm32g4xx_hal_dma.o
                                                  build/stm32g4xx_hal_uart.o
                                                  build/stm32g4xx_hal_spi.o
HAL_DMA_Abort_IT                                  build/stm32g4xx_hal_dma.o
                                                  build/stm32g4xx_hal_uart.o
                                                  build/stm32g4xx_hal_tim_ex.o
                                                  build/stm32g4xx_hal_tim.o
                                                  build/stm32g4xx_hal_spi.o
HAL_DMA_DeInit                                    build/stm32g4xx_hal_dma.o
                                                  build/stm32g4xx_hal_msp.o
HAL_DMA_GetError                                  build/stm32g4xx_hal_dma.o
                                                  build/stm32g4xx_hal_uart.o
HAL_DMA_GetState                                  build/stm32g4xx_hal_dma.o
HAL_DMA_IRQHandler                                build/stm32g4xx_hal_dma.o
                                                  build/stm32g4xx_it.o
HAL_DMA_Init                                      build/stm32g4xx_hal_dma.o
                                                  build/stm32g4xx_hal_msp.o
HAL_DMA_PollForTransfer                           build/stm32g4xx_hal_dma.o
HAL_DMA_RegisterCallback                          build/stm32g4xx_hal_dma.o
HAL_DMA_Start                                     build/stm32g4xx_hal_dma.o
HAL_DMA_Start_IT                                  build/stm32g4xx_hal_dma.o
                                                  build/stm32g4xx_hal_uart.o
                                                  build/stm32g4xx_hal_tim_ex.o
                                                  build/stm32g4xx_hal_tim.o
                                                  build/stm32g4xx_hal_spi.o
HAL_DMA_UnRegisterCallback                        build/stm32g4xx_hal_dma.o
HAL_DeInit                                        build/stm32g4xx_hal.o
HAL_Delay                                         build/stm32g4xx_hal.o
                                                  build/usbd_conf.o
                                                  build/stm32g4xx_hal_pcd_ex.o
HAL_EXTI_ClearConfigLine                          build/stm32g4xx_hal_exti.o
HAL_EXTI_ClearPending                             build/stm32g4xx_hal_exti.o
HAL_EXTI_GenerateSWI                              build/stm32g4xx_hal_exti.o
HAL_EXTI_GetConfigLine                            build/stm32g4xx_hal_exti.o
HAL_EXTI_GetHandle                                build/stm32g4xx_hal_exti.o
HAL_EXTI_GetPending                               build/stm32g4xx_hal_exti.o
HAL_EXTI_IRQHandler                               build/stm32g4xx_hal_exti.o
HAL_EXTI_RegisterCallback                         build/stm32g4xx_hal_exti.o
HAL_EXTI_SetConfigLine                            build/stm32g4xx_hal_exti.o
HAL_FLASHEx_DisableDebugger                       build/stm32g4xx_hal_flash_ex.o
HAL_FLASHEx_DisableRunPowerDown                   build/stm32g4xx_hal_flash_ramfunc.o
HAL_FLASHEx_EnableDebugger                        build/stm32g4xx_hal_flash_ex.o
HAL_FLASHEx_EnableRunPowerDown                    build/stm32g4xx_hal_flash_ramfunc.o
HAL_FLASHEx_EnableSecMemProtection                build/stm32g4xx_hal_flash_ex.o
HAL_FLASHEx_Erase                                 build/stm32g4xx_hal_flash_ex.o
HAL_FLASHEx_Erase_IT                              build/stm32g4xx_hal_flash_ex.o
HAL_FLASHEx_OBGetConfig                           build/stm32g4xx_hal_flash_ex.o
HAL_FLASHEx_OBProgram                             build/stm32g4xx_hal_flash_ex.o
HAL_FLASH_EndOfOperationCallback                  build/stm32g4xx_hal_flash.o
HAL_FLASH_GetError                                build/stm32g4xx_hal_flash.o
HAL_FLASH_IRQHandler                              build/stm32g4xx_hal_flash.o
HAL_FLASH_Lock                                    build/stm32g4xx_hal_flash.o
HAL_FLASH_OB_Launch                               build/stm32g4xx_hal_flash.o
HAL_FLASH_OB_Lock                                 build/stm32g4xx_hal_flash.o
HAL_FLASH_OB_Unlock                               build/stm32g4xx_hal_flash.o
HAL_FLASH_OperationErrorCallback                  build/stm32g4xx_hal_flash.o
HAL_FLASH_Program                                 build/stm32g4xx_hal_flash.o
HAL_FLASH_Program_IT                              build/stm32g4xx_hal_flash.o
HAL_FLASH_Unlock                                  build/stm32g4xx_hal_flash.o
HAL_GPIO_DeInit                                   build/stm32g4xx_hal_gpio.o
                                                  build/stm32g4xx_hal_msp.o
HAL_GPIO_EXTI_Callback                            build/stm32g4xx_hal_gpio.o
HAL_GPIO_EXTI_IRQHandler                          build/stm32g4xx_hal_gpio.o
                                                  build/stm32g4xx_it.o
HAL_GPIO_Init                                     build/stm32g4xx_hal_gpio.o
                                                  build/stm32g4xx_hal_msp.o
                                                  build/main.o
                                                  build/stm32g4xx_hal_rcc_ex.o
                                                  build/stm32g4xx_hal_rcc.o
HAL_GPIO_LockPin                                  build/stm32g4xx_hal_gpio.o
HAL_GPIO_ReadPin                                  build/stm32g4xx_hal_gpio.o
HAL_GPIO_TogglePin                                build/stm32g4xx_hal_gpio.o
HAL_GPIO_WritePin                                 build/stm32g4xx_hal_gpio.o
                                                  build/main.o
HAL_GetDEVID                                      build/stm32g4xx_hal.o
HAL_GetHalVersion                                 build/stm32g4xx_hal.o
HAL_GetREVID                                      build/stm32g4xx_hal.o
HAL_GetTick                                       build/stm32g4xx_hal.o
                                                  build/stm32g4xx_hal_uart_ex.o
                                                  build/stm32g4xx_hal_uart.o
                                                  build/stm32g4xx_hal_tim_ex.o
                                                  build/stm32g4xx_hal_spi.o
                                                  build/stm32g4xx_hal_dma.o
                                                  build/stm32g4xx_hal_flash.o
                                                  build/stm32g4xx_hal_rcc_ex.o
                                                  build/stm32g4xx_hal_rcc.o
                                                  build/stm32g4xx_hal_pcd_ex.o
HAL_GetTickFreq                                   build/stm32g4xx_hal.o
HAL_GetTickPrio                                   build/stm32g4xx_hal.o
HAL_HalfDuplex_EnableReceiver                     build/stm32g4xx_hal_uart.o
HAL_HalfDuplex_EnableTransmitter                  build/stm32g4xx_hal_uart.o
HAL_HalfDuplex_Init                               build/stm32g4xx_hal_uart.o
HAL_IncTick                                       build/stm32g4xx_hal.o
                                                  build/stm32g4xx_it.o
HAL_Init                                          build/stm32g4xx_hal.o
                                                  build/main.o
HAL_InitTick                                      build/stm32g4xx_hal.o
                                                  build/stm32g4xx_hal_rcc.o
HAL_LIN_Init                                      build/stm32g4xx_hal_uart.o
HAL_LIN_SendBreak                                 build/stm32g4xx_hal_uart.o
HAL_MPU_ConfigRegion                              build/stm32g4xx_hal_cortex.o
HAL_MPU_Disable                                   build/stm32g4xx_hal_cortex.o
HAL_MPU_Enable                                    build/stm32g4xx_hal_cortex.o
HAL_MspDeInit                                     build/stm32g4xx_hal.o
HAL_MspInit                                       build/stm32g4xx_hal_msp.o
                                                  build/stm32g4xx_hal.o
HAL_MultiProcessorEx_AddressLength_Set            build/stm32g4xx_hal_uart_ex.o
HAL_MultiProcessor_DisableMuteMode                build/stm32g4xx_hal_uart.o
HAL_MultiProcessor_EnableMuteMode                 build/stm32g4xx_hal_uart.o
HAL_MultiProcessor_EnterMuteMode                  build/stm32g4xx_hal_uart.o
HAL_MultiProcessor_Init                           build/stm32g4xx_hal_uart.o
HAL_NVIC_ClearPendingIRQ                          build/stm32g4xx_hal_cortex.o
HAL_NVIC_DisableIRQ                               build/stm32g4xx_hal_cortex.o
                                                  build/usbd_conf.o
                                                  build/stm32g4xx_hal_msp.o
HAL_NVIC_EnableIRQ                                build/stm32g4xx_hal_cortex.o
                                                  build/usbd_conf.o
                                                  build/stm32g4xx_hal_msp.o
                                                  build/main.o
HAL_NVIC_GetActive                                build/stm32g4xx_hal_cortex.o
HAL_NVIC_GetPendingIRQ                            build/stm32g4xx_hal_cortex.o
HAL_NVIC_GetPriority                              build/stm32g4xx_hal_cortex.o
HAL_NVIC_GetPriorityGrouping                      build/stm32g4xx_hal_cortex.o
HAL_NVIC_SetPendingIRQ                            build/stm32g4xx_hal_cortex.o
HAL_NVIC_SetPriority                              build/stm32g4xx_hal_cortex.o
                                                  build/usbd_conf.o
                                                  build/stm32g4xx_hal_msp.o
                                                  build/main.o
                                                  build/stm32g4xx_hal.o
HAL_NVIC_SetPriorityGrouping                      build/stm32g4xx_hal_cortex.o
                                                  build/stm32g4xx_hal_msp.o
                                                  build/stm32g4xx_hal.o
HAL_NVIC_SystemReset                              build/stm32g4xx_hal_cortex.o
HAL_PCDEx_ActivateBCD                             build/stm32g4xx_hal_pcd_ex.o
HAL_PCDEx_ActivateLPM                             build/stm32g4xx_hal_pcd_ex.o
                                                  build/stm32g4xx_hal_pcd.o
HAL_PCDEx_BCD_Callback                            build/stm32g4xx_hal_pcd_ex.o
HAL_PCDEx_BCD_VBUSDetect                          build/stm32g4xx_hal_pcd_ex.o
HAL_PCDEx_DeActivateBCD                           build/stm32g4xx_hal_pcd_ex.o
HAL_PCDEx_DeActivateLPM                           build/stm32g4xx_hal_pcd_ex.o
HAL_PCDEx_LPM_Callback                            build/usbd_conf.o
                                                  build/stm32g4xx_hal_pcd_ex.o
                                                  build/stm32g4xx_hal_pcd.o
HAL_PCDEx_PMAConfig                               build/stm32g4xx_hal_pcd_ex.o
                                                  build/usbd_conf.o
HAL_PCD_ActivateRemoteWakeup                      build/stm32g4xx_hal_pcd.o
HAL_PCD_ConnectCallback                           build/usbd_conf.o
                                                  build/stm32g4xx_hal_pcd.o
HAL_PCD_DataInStageCallback                       build/usbd_conf.o
                                                  build/stm32g4xx_hal_pcd.o
HAL_PCD_DataOutStageCallback                      build/usbd_conf.o
                                                  build/stm32g4xx_hal_pcd.o
HAL_PCD_DeActivateRemoteWakeup                    build/stm32g4xx_hal_pcd.o
HAL_PCD_DeInit                                    build/stm32g4xx_hal_pcd.o
                                                  build/usbd_conf.o
HAL_PCD_DevConnect                                build/stm32g4xx_hal_pcd.o
HAL_PCD_DevDisconnect                             build/stm32g4xx_hal_pcd.o
HAL_PCD_DisconnectCallback                        build/usbd_conf.o
                                                  build/stm32g4xx_hal_pcd.o
HAL_PCD_EP_Close                                  build/stm32g4xx_hal_pcd.o
                                                  build/usbd_conf.o
HAL_PCD_EP_ClrStall                               build/stm32g4xx_hal_pcd.o
                                                  build/usbd_conf.o
HAL_PCD_EP_Flush                                  build/stm32g4xx_hal_pcd.o
                                                  build/usbd_conf.o
HAL_PCD_EP_GetRxCount                             build/stm32g4xx_hal_pcd.o
                                                  build/usbd_conf.o
HAL_PCD_EP_Open                                   build/stm32g4xx_hal_pcd.o
                                                  build/usbd_conf.o
HAL_PCD_EP_Receive                                build/stm32g4xx_hal_pcd.o
                                                  build/usbd_conf.o
HAL_PCD_EP_SetStall                               build/stm32g4xx_hal_pcd.o
                                                  build/usbd_conf.o
HAL_PCD_EP_Transmit                               build/stm32g4xx_hal_pcd.o
                                                  build/usbd_conf.o
HAL_PCD_GetState                                  build/stm32g4xx_hal_pcd.o
HAL_PCD_IRQHandler                                build/stm32g4xx_hal_pcd.o
                                                  build/stm32g4xx_it.o
HAL_PCD_ISOINIncompleteCallback                   build/usbd_conf.o
                                                  build/stm32g4xx_hal_pcd.o
HAL_PCD_ISOOUTIncompleteCallback                  build/usbd_conf.o
                                                  build/stm32g4xx_hal_pcd.o
HAL_PCD_Init                                      build/stm32g4xx_hal_pcd.o
                                                  build/usbd_conf.o
HAL_PCD_MspDeInit                                 build/usbd_conf.o
                                                  build/stm32g4xx_hal_pcd.o
HAL_PCD_MspInit                                   build/usbd_conf.o
                                                  build/stm32g4xx_hal_pcd.o
HAL_PCD_ResetCallback                             build/usbd_conf.o
                                                  build/stm32g4xx_hal_pcd.o
HAL_PCD_ResumeCallback                            build/usbd_conf.o
                                                  build/stm32g4xx_hal_pcd.o
HAL_PCD_SOFCallback                               build/usbd_conf.o
                                                  build/stm32g4xx_hal_pcd.o
HAL_PCD_SetAddress                                build/stm32g4xx_hal_pcd.o
                                                  build/usbd_conf.o
HAL_PCD_SetupStageCallback                        build/usbd_conf.o
                                                  build/stm32g4xx_hal_pcd.o
HAL_PCD_Start                                     build/stm32g4xx_hal_pcd.o
                                                  build/usbd_conf.o
HAL_PCD_Stop                                      build/stm32g4xx_hal_pcd.o
                                                  build/usbd_conf.o
HAL_PCD_SuspendCallback                           build/usbd_conf.o
                                                  build/stm32g4xx_hal_pcd.o
HAL_PWREx_ConfigPVM                               build/stm32g4xx_hal_pwr_ex.o
HAL_PWREx_ControlVoltageScaling                   build/stm32g4xx_hal_pwr_ex.o
                                                  build/main.o
HAL_PWREx_DisableBatteryCharging                  build/stm32g4xx_hal_pwr_ex.o
HAL_PWREx_DisableGPIOPullDown                     build/stm32g4xx_hal_pwr_ex.o
HAL_PWREx_DisableGPIOPullUp                       build/stm32g4xx_hal_pwr_ex.o
HAL_PWREx_DisableInternalWakeUpLine               build/stm32g4xx_hal_pwr_ex.o
HAL_PWREx_DisableLowPowerRunMode                  build/stm32g4xx_hal_pwr_ex.o
                                                  build/stm32g4xx_hal_pwr.o
HAL_PWREx_DisablePVM1                             build/stm32g4xx_hal_pwr_ex.o
HAL_PWREx_DisablePVM2                             build/stm32g4xx_hal_pwr_ex.o
HAL_PWREx_DisablePVM3                             build/stm32g4xx_hal_pwr_ex.o
HAL_PWREx_DisablePVM4                             build/stm32g4xx_hal_pwr_ex.o
HAL_PWREx_DisablePullUpPullDownConfig             build/stm32g4xx_hal_pwr_ex.o
HAL_PWREx_DisableSRAM2ContentRetention            build/stm32g4xx_hal_pwr_ex.o
HAL_PWREx_DisableUSBDeadBatteryPD                 build/stm32g4xx_hal_pwr_ex.o
HAL_PWREx_DisableUSBStandByModePD                 build/stm32g4xx_hal_pwr_ex.o
HAL_PWREx_EnableBatteryCharging                   build/stm32g4xx_hal_pwr_ex.o
HAL_PWREx_EnableGPIOPullDown                      build/stm32g4xx_hal_pwr_ex.o
HAL_PWREx_EnableGPIOPullUp                        build/stm32g4xx_hal_pwr_ex.o
HAL_PWREx_EnableInternalWakeUpLine                build/stm32g4xx_hal_pwr_ex.o
HAL_PWREx_EnableLowPowerRunMode                   build/stm32g4xx_hal_pwr_ex.o
                                                  build/stm32g4xx_hal_pwr.o
HAL_PWREx_EnablePVM1                              build/stm32g4xx_hal_pwr_ex.o
HAL_PWREx_EnablePVM2                              build/stm32g4xx_hal_pwr_ex.o
HAL_PWREx_EnablePVM3                              build/stm32g4xx_hal_pwr_ex.o
HAL_PWREx_EnablePVM4                              build/stm32g4xx_hal_pwr_ex.o
HAL_PWREx_EnablePullUpPullDownConfig              build/stm32g4xx_hal_pwr_ex.o
HAL_PWREx_EnableSRAM2ContentRetention             build/stm32g4xx_hal_pwr_ex.o
HAL_PWREx_EnableUSBDeadBatteryPD                  build/stm32g4xx_hal_pwr_ex.o
HAL_PWREx_EnableUSBStandByModePD                  build/stm32g4xx_hal_pwr_ex.o
HAL_PWREx_EnterSHUTDOWNMode                       build/stm32g4xx_hal_pwr_ex.o
HAL_PWREx_EnterSTOP0Mode                          build/stm32g4xx_hal_pwr_ex.o
                                                  build/stm32g4xx_hal_pwr.o
HAL_PWREx_EnterSTOP1Mode                          build/stm32g4xx_hal_pwr_ex.o
                                                  build/stm32g4xx_hal_pwr.o
HAL_PWREx_GetVoltageRange                         build/stm32g4xx_hal_pwr_ex.o
HAL_PWREx_PVD_PVM_IRQHandler                      build/stm32g4xx_hal_pwr_ex.o
HAL_PWREx_PVM1Callback                            build/stm32g4xx_hal_pwr_ex.o
HAL_PWREx_PVM2Callback                            build/stm32g4xx_hal_pwr_ex.o
HAL_PWREx_PVM3Callback                            build/stm32g4xx_hal_pwr_ex.o
HAL_PWREx_PVM4Callback                            build/stm32g4xx_hal_pwr_ex.o
HAL_PWR_ConfigPVD                                 build/stm32g4xx_hal_pwr.o
HAL_PWR_DeInit                                    build/stm32g4xx_hal_pwr.o
HAL_PWR_DisableBkUpAccess                         build/stm32g4xx_hal_pwr.o
                                                  build/stm32g4xx_hal_rcc_ex.o
HAL_PWR_DisablePVD                                build/stm32g4xx_hal_pwr.o
HAL_PWR_DisableSEVOnPend                          build/stm32g4xx_hal_pwr.o
HAL_PWR_DisableSleepOnExit                        build/stm32g4xx_hal_pwr.o
HAL_PWR_DisableWakeUpPin                          build/stm32g4xx_hal_pwr.o
HAL_PWR_EnableBkUpAccess                          build/stm32g4xx_hal_pwr.o
                                                  build/stm32g4xx_hal_rcc_ex.o
HAL_PWR_EnablePVD                                 build/stm32g4xx_hal_pwr.o
HAL_PWR_EnableSEVOnPend                           build/stm32g4xx_hal_pwr.o
HAL_PWR_EnableSleepOnExit                         build/stm32g4xx_hal_pwr.o
HAL_PWR_EnableWakeUpPin                           build/stm32g4xx_hal_pwr.o
HAL_PWR_EnterSLEEPMode                            build/stm32g4xx_hal_pwr.o
HAL_PWR_EnterSTANDBYMode                          build/stm32g4xx_hal_pwr.o
HAL_PWR_EnterSTOPMode                             build/stm32g4xx_hal_pwr.o
HAL_PWR_PVDCallback                               build/stm32g4xx_hal_pwr.o
                                                  build/stm32g4xx_hal_pwr_ex.o
HAL_RCCEx_CRSConfig                               build/stm32g4xx_hal_rcc_ex.o
HAL_RCCEx_CRSGetSynchronizationInfo               build/stm32g4xx_hal_rcc_ex.o
HAL_RCCEx_CRSSoftwareSynchronizationGenerate      build/stm32g4xx_hal_rcc_ex.o
HAL_RCCEx_CRSWaitSynchronization                  build/stm32g4xx_hal_rcc_ex.o
HAL_RCCEx_CRS_ErrorCallback                       build/stm32g4xx_hal_rcc_ex.o
HAL_RCCEx_CRS_ExpectedSyncCallback                build/stm32g4xx_hal_rcc_ex.o
HAL_RCCEx_CRS_IRQHandler                          build/stm32g4xx_hal_rcc_ex.o
HAL_RCCEx_CRS_SyncOkCallback                      build/stm32g4xx_hal_rcc_ex.o
HAL_RCCEx_CRS_SyncWarnCallback                    build/stm32g4xx_hal_rcc_ex.o
HAL_RCCEx_DisableLSCO                             build/stm32g4xx_hal_rcc_ex.o
HAL_RCCEx_DisableLSECSS                           build/stm32g4xx_hal_rcc_ex.o
HAL_RCCEx_EnableLSCO                              build/stm32g4xx_hal_rcc_ex.o
HAL_RCCEx_EnableLSECSS                            build/stm32g4xx_hal_rcc_ex.o
HAL_RCCEx_EnableLSECSS_IT                         build/stm32g4xx_hal_rcc_ex.o
HAL_RCCEx_GetPeriphCLKConfig                      build/stm32g4xx_hal_rcc_ex.o
HAL_RCCEx_GetPeriphCLKFreq                        build/stm32g4xx_hal_rcc_ex.o
HAL_RCCEx_LSECSS_Callback                         build/stm32g4xx_hal_rcc_ex.o
HAL_RCCEx_LSECSS_IRQHandler                       build/stm32g4xx_hal_rcc_ex.o
HAL_RCCEx_PeriphCLKConfig                         build/stm32g4xx_hal_rcc_ex.o
                                                  build/main.o
HAL_RCC_CSSCallback                               build/stm32g4xx_hal_rcc.o
HAL_RCC_ClockConfig                               build/stm32g4xx_hal_rcc.o
                                                  build/main.o
HAL_RCC_DeInit                                    build/stm32g4xx_hal_rcc.o
HAL_RCC_DisableLSECSS                             build/stm32g4xx_hal_rcc.o
HAL_RCC_EnableCSS                                 build/stm32g4xx_hal_rcc.o
HAL_RCC_EnableLSECSS                              build/stm32g4xx_hal_rcc.o
HAL_RCC_GetClockConfig                            build/stm32g4xx_hal_rcc.o
HAL_RCC_GetHCLKFreq                               build/stm32g4xx_hal_rcc.o
HAL_RCC_GetOscConfig                              build/stm32g4xx_hal_rcc.o
HAL_RCC_GetPCLK1Freq                              build/stm32g4xx_hal_rcc.o
                                                  build/stm32g4xx_hal_uart.o
                                                  build/stm32g4xx_hal_rcc_ex.o
HAL_RCC_GetPCLK2Freq                              build/stm32g4xx_hal_rcc.o
                                                  build/stm32g4xx_hal_uart.o
                                                  build/stm32g4xx_hal_rcc_ex.o